Component: ARM Compiler 5.06 update 6 (build 750) Tool: armlink [4d35ed]

==============================================================================

Section Cross References

    l6470.o(i.FsSpd_2_Step_s) refers to dfltui.o(.text) for __aeabi_ui2d
    l6470.o(i.FsSpd_2_Step_s) refers to dadd.o(.text) for __aeabi_dadd
    l6470.o(i.FsSpd_2_Step_s) refers to dmul.o(.text) for __aeabi_dmul
    l6470.o(i.FsSpd_2_Step_s) refers to d2f.o(.text) for __aeabi_d2f
    l6470.o(i.L6470_CheckStatusRegisterFlag) refers to l6470.o(i.L6470_GetParam) for L6470_GetParam
    l6470.o(i.L6470_CheckStatusRegisterFlag) refers to l6470.o(.data) for pL6470_StatusRegister
    l6470.o(i.L6470_Config) refers to l6470.o(i.Step_s2_2_Acc) for Step_s2_2_Acc
    l6470.o(i.L6470_Config) refers to l6470.o(i.Step_s2_2_Dec) for Step_s2_2_Dec
    l6470.o(i.L6470_Config) refers to l6470.o(i.Step_s_2_MaxSpeed) for Step_s_2_MaxSpeed
    l6470.o(i.L6470_Config) refers to l6470.o(i.Step_s_2_MinSpeed) for Step_s_2_MinSpeed
    l6470.o(i.L6470_Config) refers to l6470.o(i.Step_s_2_FsSpd) for Step_s_2_FsSpd
    l6470.o(i.L6470_Config) refers to l6470.o(i.Step_s_2_IntSpeed) for Step_s_2_IntSpeed
    l6470.o(i.L6470_Config) refers to l6470.o(i.s_Step_2_StSlp) for s_Step_2_StSlp
    l6470.o(i.L6470_Config) refers to l6470.o(i.s_Step_2_FnSlpAcc) for s_Step_2_FnSlpAcc
    l6470.o(i.L6470_Config) refers to l6470.o(i.s_Step_2_FnSlpDec) for s_Step_2_FnSlpDec
    l6470.o(i.L6470_Config) refers to l6470.o(i.mA_2_OcdTh) for mA_2_OcdTh
    l6470.o(i.L6470_Config) refers to l6470.o(i.mA_2_StallTh) for mA_2_StallTh
    l6470.o(i.L6470_DaisyChainCommand) refers to stm32f4xx_hal_gpio.o(i.HAL_GPIO_WritePin) for HAL_GPIO_WritePin
    l6470.o(i.L6470_DaisyChainCommand) refers to stm32f4xx_hal_spi.o(i.HAL_SPI_TransmitReceive) for HAL_SPI_TransmitReceive
    l6470.o(i.L6470_DaisyChainCommand) refers to l6470.o(.data) for L6470_DaisyChain_HalfPrepared
    l6470.o(i.L6470_DaisyChainCommand) refers to xnucleoihm02a1.o(.bss) for L6470_nCS_GPIO
    l6470.o(i.L6470_DaisyChainCommand) refers to xnucleoihm02a1_interface.o(.bss) for hspi1
    l6470.o(i.L6470_GetParam) refers to l6470.o(i.L6470_PrepareAppCmdPkg) for L6470_PrepareAppCmdPkg
    l6470.o(i.L6470_GetParam) refers to l6470.o(i.L6470_PrepareDaisyChainCommand) for L6470_PrepareDaisyChainCommand
    l6470.o(i.L6470_GetParam) refers to l6470.o(i.L6470_DaisyChainCommand) for L6470_DaisyChainCommand
    l6470.o(i.L6470_GetParam) refers to l6470.o(i.L6470_ExtractReturnedData) for L6470_ExtractReturnedData
    l6470.o(i.L6470_GetParam) refers to l6470.o(.bss) for L6470_AppCmdPkg
    l6470.o(i.L6470_GetParam) refers to l6470.o(.data) for L6470_DaisyChainSpiTxStruct
    l6470.o(i.L6470_GetParam) refers to l6470.o(.constdata) for L6470_Register
    l6470.o(i.L6470_GetRegisterName) refers to l6470.o(.constdata) for L6470_Register
    l6470.o(i.L6470_GetStatus) refers to l6470.o(i.L6470_PrepareAppCmdPkg) for L6470_PrepareAppCmdPkg
    l6470.o(i.L6470_GetStatus) refers to l6470.o(i.L6470_PrepareDaisyChainCommand) for L6470_PrepareDaisyChainCommand
    l6470.o(i.L6470_GetStatus) refers to l6470.o(i.L6470_DaisyChainCommand) for L6470_DaisyChainCommand
    l6470.o(i.L6470_GetStatus) refers to l6470.o(i.L6470_ExtractReturnedData) for L6470_ExtractReturnedData
    l6470.o(i.L6470_GetStatus) refers to l6470.o(.bss) for L6470_AppCmdPkg
    l6470.o(i.L6470_GetStatus) refers to l6470.o(.data) for L6470_DaisyChainSpiTxStruct
    l6470.o(i.L6470_GoHome) refers to l6470.o(i.L6470_PrepareAppCmdPkg) for L6470_PrepareAppCmdPkg
    l6470.o(i.L6470_GoHome) refers to l6470.o(i.L6470_PrepareDaisyChainCommand) for L6470_PrepareDaisyChainCommand
    l6470.o(i.L6470_GoHome) refers to l6470.o(i.L6470_DaisyChainCommand) for L6470_DaisyChainCommand
    l6470.o(i.L6470_GoHome) refers to l6470.o(.bss) for L6470_AppCmdPkg
    l6470.o(i.L6470_GoHome) refers to l6470.o(.data) for L6470_DaisyChainSpiTxStruct
    l6470.o(i.L6470_GoMark) refers to l6470.o(i.L6470_PrepareAppCmdPkg) for L6470_PrepareAppCmdPkg
    l6470.o(i.L6470_GoMark) refers to l6470.o(i.L6470_PrepareDaisyChainCommand) for L6470_PrepareDaisyChainCommand
    l6470.o(i.L6470_GoMark) refers to l6470.o(i.L6470_DaisyChainCommand) for L6470_DaisyChainCommand
    l6470.o(i.L6470_GoMark) refers to l6470.o(.bss) for L6470_AppCmdPkg
    l6470.o(i.L6470_GoMark) refers to l6470.o(.data) for L6470_DaisyChainSpiTxStruct
    l6470.o(i.L6470_GoTo) refers to l6470.o(i.L6470_PrepareAppCmdPkg) for L6470_PrepareAppCmdPkg
    l6470.o(i.L6470_GoTo) refers to l6470.o(i.L6470_PrepareDaisyChainCommand) for L6470_PrepareDaisyChainCommand
    l6470.o(i.L6470_GoTo) refers to l6470.o(i.L6470_DaisyChainCommand) for L6470_DaisyChainCommand
    l6470.o(i.L6470_GoTo) refers to l6470.o(.bss) for L6470_AppCmdPkg
    l6470.o(i.L6470_GoTo) refers to l6470.o(.data) for L6470_DaisyChainSpiTxStruct
    l6470.o(i.L6470_GoToDir) refers to l6470.o(i.L6470_PrepareAppCmdPkg) for L6470_PrepareAppCmdPkg
[...]
    stm32f4xx_hal_rcc.o(i.HAL_RCC_MCOConfig) refers to main.o(i.assert_failed) for assert_failed
    stm32f4xx_hal_rcc.o(i.HAL_RCC_MCOConfig) refers to stm32f4xx_hal_gpio.o(i.HAL_GPIO_Init) for HAL_GPIO_Init
    stm32f4xx_hal_rcc.o(i.HAL_RCC_NMI_IRQHandler) refers to stm32f4xx_hal_rcc.o(i.HAL_RCC_CSSCallback) for HAL_RCC_CSSCallback
    stm32f4xx_hal_rcc.o(i.HAL_RCC_OscConfig) refers to main.o(i.assert_failed) for assert_failed
    stm32f4xx_hal_rcc.o(i.HAL_RCC_OscConfig) refers to stm32f4xx_hal.o(i.HAL_GetTick) for HAL_GetTick
    stm32f4xx_hal.o(i.HAL_DeInit) refers to stm32f4xx_hal.o(i.HAL_MspDeInit) for HAL_MspDeInit
    stm32f4xx_hal.o(i.HAL_Delay) refers to stm32f4xx_hal.o(i.HAL_GetTick) for HAL_GetTick
    stm32f4xx_hal.o(i.HAL_GetTick) refers to stm32f4xx_hal.o(.data) for uwTick
    stm32f4xx_hal.o(i.HAL_IncTick) refers to stm32f4xx_hal.o(.data) for uwTick
    stm32f4xx_hal.o(i.HAL_Init) refers to stm32f4xx_hal_cortex.o(i.HAL_NVIC_SetPriorityGrouping) for HAL_NVIC_SetPriorityGrouping
    stm32f4xx_hal.o(i.HAL_Init) refers to stm32f4xx_hal.o(i.HAL_InitTick) for HAL_InitTick
    stm32f4xx_hal.o(i.HAL_Init) refers to stm32f4xx_hal_msp.o(i.HAL_MspInit) for HAL_MspInit
    stm32f4xx_hal.o(i.HAL_InitTick) refers to stm32f4xx_hal_rcc.o(i.HAL_RCC_GetHCLKFreq) for HAL_RCC_GetHCLKFreq
    stm32f4xx_hal.o(i.HAL_InitTick) refers to stm32f4xx_hal_cortex.o(i.HAL_SYSTICK_Config) for HAL_SYSTICK_Config
    stm32f4xx_hal.o(i.HAL_InitTick) refers to stm32f4xx_hal_cortex.o(i.HAL_NVIC_SetPriority) for HAL_NVIC_SetPriority
    stm32f4xx_hal_adc_ex.o(i.ADC_MultiModeDMAConvCplt) refers to stm32f4xx_hal_adc.o(i.HAL_ADC_ConvCpltCallback) for HAL_ADC_ConvCpltCallback
    stm32f4xx_hal_adc_ex.o(i.ADC_MultiModeDMAError) refers to stm32f4xx_hal_adc.o(i.HAL_ADC_ErrorCallback) for HAL_ADC_ErrorCallback
    stm32f4xx_hal_adc_ex.o(i.ADC_MultiModeDMAHalfConvCplt) refers to stm32f4xx_hal_adc.o(i.HAL_ADC_ConvHalfCpltCallback) for HAL_ADC_ConvHalfCpltCallback
    stm32f4xx_hal_adc_ex.o(i.HAL_ADCEx_InjectedConfigChannel) refers to main.o(i.assert_failed) for assert_failed
    stm32f4xx_hal_adc_ex.o(i.HAL_ADCEx_InjectedGetValue) refers to main.o(i.assert_failed) for assert_failed
    stm32f4xx_hal_adc_ex.o(i.HAL_ADCEx_InjectedPollForConversion) refers to stm32f4xx_hal.o(i.HAL_GetTick) for HAL_GetTick
    stm32f4xx_hal_adc_ex.o(i.HAL_ADCEx_InjectedStart) refers to system_stm32f4xx.o(.data) for SystemCoreClock
    stm32f4xx_hal_adc_ex.o(i.HAL_ADCEx_InjectedStart_IT) refers to system_stm32f4xx.o(.data) for SystemCoreClock
    stm32f4xx_hal_adc_ex.o(i.HAL_ADCEx_MultiModeConfigChannel) refers to main.o(i.assert_failed) for assert_failed
    stm32f4xx_hal_adc_ex.o(i.HAL_ADCEx_MultiModeStart_DMA) refers to main.o(i.assert_failed) for assert_failed
    stm32f4xx_hal_adc_ex.o(i.HAL_ADCEx_MultiModeStart_DMA) refers to stm32f4xx_hal_dma.o(i.HAL_DMA_Start_IT) for HAL_DMA_Start_IT
    stm32f4xx_hal_adc_ex.o(i.HAL_ADCEx_MultiModeStart_DMA) refers to stm32f4xx_hal_adc_ex.o(i.ADC_MultiModeDMAConvCplt) for ADC_MultiModeDMAConvCplt
    stm32f4xx_hal_adc_ex.o(i.HAL_ADCEx_MultiModeStart_DMA) refers to stm32f4xx_hal_adc_ex.o(i.ADC_MultiModeDMAHalfConvCplt) for ADC_MultiModeDMAHalfConvCplt
    stm32f4xx_hal_adc_ex.o(i.HAL_ADCEx_MultiModeStart_DMA) refers to stm32f4xx_hal_adc_ex.o(i.ADC_MultiModeDMAError) for ADC_MultiModeDMAError
    stm32f4xx_hal_adc_ex.o(i.HAL_ADCEx_MultiModeStart_DMA) refers to system_stm32f4xx.o(.data) for SystemCoreClock
    stm32f4xx_hal_adc_ex.o(i.HAL_ADCEx_MultiModeStop_DMA) refers to stm32f4xx_hal_dma.o(i.HAL_DMA_Abort) for HAL_DMA_Abort
    stm32f4xx_hal_cortex.o(i.HAL_MPU_ConfigRegion) refers to main.o(i.assert_failed) for assert_failed
    stm32f4xx_hal_cortex.o(i.HAL_NVIC_ClearPendingIRQ) refers to main.o(i.assert_failed) for assert_failed
    stm32f4xx_hal_cortex.o(i.HAL_NVIC_DisableIRQ) refers to main.o(i.assert_failed) for assert_failed
    stm32f4xx_hal_cortex.o(i.HAL_NVIC_EnableIRQ) refers to main.o(i.assert_failed) for assert_failed
    stm32f4xx_hal_cortex.o(i.HAL_NVIC_GetActive) refers to main.o(i.assert_failed) for assert_failed
    stm32f4xx_hal_cortex.o(i.HAL_NVIC_GetPendingIRQ) refers to main.o(i.assert_failed) for assert_failed
    stm32f4xx_hal_cortex.o(i.HAL_NVIC_GetPriority) refers to main.o(i.assert_failed) for assert_failed
    stm32f4xx_hal_cortex.o(i.HAL_NVIC_GetPriorityGrouping) refers to stm32f4xx_hal_cortex.o(i.NVIC_GetPriorityGrouping) for NVIC_GetPriorityGrouping
    stm32f4xx_hal_cortex.o(i.HAL_NVIC_SetPendingIRQ) refers to main.o(i.assert_failed) for assert_failed
    stm32f4xx_hal_cortex.o(i.HAL_NVIC_SetPriority) refers to main.o(i.assert_failed) for assert_failed
    stm32f4xx_hal_cortex.o(i.HAL_NVIC_SetPriority) refers to stm32f4xx_hal_cortex.o(i.NVIC_GetPriorityGrouping) for NVIC_GetPriorityGrouping
    stm32f4xx_hal_cortex.o(i.HAL_NVIC_SetPriority) refers to stm32f4xx_hal_cortex.o(i.NVIC_SetPriority) for NVIC_SetPriority
    stm32f4xx_hal_cortex.o(i.HAL_NVIC_SetPriorityGrouping) refers to main.o(i.assert_failed) for assert_failed
    stm32f4xx_hal_cortex.o(i.HAL_SYSTICK_CLKSourceConfig) refers to main.o(i.assert_failed) for assert_failed
    stm32f4xx_hal_cortex.o(i.HAL_SYSTICK_Config) refers to stm32f4xx_hal_cortex.o(i.NVIC_SetPriority) for NVIC_SetPriority
    stm32f4xx_hal_cortex.o(i.HAL_SYSTICK_IRQHandler) refers to stm32f4xx_hal_cortex.o(i.HAL_SYSTICK_Callback) for HAL_SYSTICK_Callback
    stm32f4xx_hal_adc.o(i.ADC_DMAConvCplt) refers to stm32f4xx_hal_adc.o(i.HAL_ADC_ConvCpltCallback) for HAL_ADC_ConvCpltCallback
    stm32f4xx_hal_adc.o(i.ADC_DMAError) refers to stm32f4xx_hal_adc.o(i.HAL_ADC_ErrorCallback) for HAL_ADC_ErrorCallback
    stm32f4xx_hal_adc.o(i.ADC_DMAHalfConvCplt) refers to stm32f4xx_hal_adc.o(i.HAL_ADC_ConvHalfCpltCallback) for HAL_ADC_ConvHalfCpltCallback
    stm32f4xx_hal_adc.o(i.ADC_Init) refers to main.o(i.assert_failed) for assert_failed
    stm32f4xx_hal_adc.o(i.HAL_ADC_AnalogWDGConfig) refers to main.o(i.assert_failed) for assert_failed
    stm32f4xx_hal_adc.o(i.HAL_ADC_ConfigChannel) refers to main.o(i.assert_failed) for assert_failed
    stm32f4xx_hal_adc.o(i.HAL_ADC_ConfigChannel) refers to system_stm32f4xx.o(.data) for SystemCoreClock
    stm32f4xx_hal_adc.o(i.HAL_ADC_DeInit) refers to main.o(i.assert_failed) for assert_failed
    stm32f4xx_hal_adc.o(i.HAL_ADC_DeInit) refers to stm32f4xx_hal_msp.o(i.HAL_ADC_MspDeInit) for HAL_ADC_MspDeInit
    stm32f4xx_hal_adc.o(i.HAL_ADC_IRQHandler) refers to main.o(i.assert_failed) for assert_failed
    stm32f4xx_hal_adc.o(i.HAL_ADC_IRQHandler) refers to stm32f4xx_hal_adc.o(i.HAL_ADC_ConvCpltCallback) for HAL_ADC_ConvCpltCallback
    stm32f4xx_hal_adc.o(i.HAL_ADC_IRQHandler) refers to stm32f4xx_hal_adc_ex.o(i.HAL_ADCEx_InjectedConvCpltCallback) for HAL_ADCEx_InjectedConvCpltCallback
    stm32f4xx_hal_adc.o(i.HAL_ADC_IRQHandler) refers to stm32f4xx_hal_adc.o(i.HAL_ADC_LevelOutOfWindowCallback) for HAL_ADC_LevelOutOfWindowCallback
    stm32f4xx_hal_adc.o(i.HAL_ADC_IRQHandler) refers to stm32f4xx_hal_adc.o(i.HAL_ADC_ErrorCallback) for HAL_ADC_ErrorCallback
    stm32f4xx_hal_adc.o(i.HAL_ADC_Init) refers to main.o(i.assert_failed) for assert_failed
    stm32f4xx_hal_adc.o(i.HAL_ADC_Init) refers to stm32f4xx_hal_msp.o(i.HAL_ADC_MspInit) for HAL_ADC_MspInit
    stm32f4xx_hal_adc.o(i.HAL_ADC_Init) refers to stm32f4xx_hal_adc.o(i.ADC_Init) for ADC_Init
    stm32f4xx_hal_adc.o(i.HAL_ADC_PollForConversion) refers to stm32f4xx_hal.o(i.HAL_GetTick) for HAL_GetTick
    stm32f4xx_hal_adc.o(i.HAL_ADC_PollForEvent) refers to main.o(i.assert_failed) for assert_failed
    stm32f4xx_hal_adc.o(i.HAL_ADC_PollForEvent) refers to stm32f4xx_hal.o(i.HAL_GetTick) for HAL_GetTick
    stm32f4xx_hal_adc.o(i.HAL_ADC_Start) refers to main.o(i.assert_failed) for assert_failed
    stm32f4xx_hal_adc.o(i.HAL_ADC_Start) refers to system_stm32f4xx.o(.data) for SystemCoreClock
    stm32f4xx_hal_adc.o(i.HAL_ADC_Start_DMA) refers to main.o(i.assert_failed) for assert_failed
    stm32f4xx_hal_adc.o(i.HAL_ADC_Start_DMA) refers to stm32f4xx_hal_dma.o(i.HAL_DMA_Start_IT) for HAL_DMA_Start_IT
    stm32f4xx_hal_adc.o(i.HAL_ADC_Start_DMA) refers to stm32f4xx_hal_adc.o(i.ADC_DMAConvCplt) for ADC_DMAConvCplt
    stm32f4xx_hal_adc.o(i.HAL_ADC_Start_DMA) refers to stm32f4xx_hal_adc.o(i.ADC_DMAHalfConvCplt) for ADC_DMAHalfConvCplt
    stm32f4xx_hal_adc.o(i.HAL_ADC_Start_DMA) refers to stm32f4xx_hal_adc.o(i.ADC_DMAError) for ADC_DMAError
    stm32f4xx_hal_adc.o(i.HAL_ADC_Start_DMA) refers to system_stm32f4xx.o(.data) for SystemCoreClock
    stm32f4xx_hal_adc.o(i.HAL_ADC_Start_IT) refers to main.o(i.assert_failed) for assert_failed
    stm32f4xx_hal_adc.o(i.HAL_ADC_Start_IT) refers to system_stm32f4xx.o(.data) for SystemCoreClock
    stm32f4xx_hal_adc.o(i.HAL_ADC_Stop_DMA) refers to stm32f4xx_hal_dma.o(i.HAL_DMA_Abort) for HAL_DMA_Abort
    stm32f4xx_hal_gpio.o(i.HAL_GPIO_DeInit) refers to main.o(i.assert_failed) for assert_failed
    stm32f4xx_hal_gpio.o(i.HAL_GPIO_EXTI_IRQHandler) refers to main.o(i.HAL_GPIO_EXTI_Callback) for HAL_GPIO_EXTI_Callback
    stm32f4xx_hal_gpio.o(i.HAL_GPIO_Init) refers to main.o(i.assert_failed) for assert_failed
    stm32f4xx_hal_gpio.o(i.HAL_GPIO_LockPin) refers to main.o(i.assert_failed) for assert_failed
    stm32f4xx_hal_gpio.o(i.HAL_GPIO_ReadPin) refers to main.o(i.assert_failed) for assert_failed
    stm32f4xx_hal_gpio.o(i.HAL_GPIO_TogglePin) refers to main.o(i.assert_failed) for assert_failed
    stm32f4xx_hal_gpio.o(i.HAL_GPIO_WritePin) refers to main.o(i.assert_failed) for assert_failed
    stm32f4xx_hal_dma.o(i.DMA_CalcBaseAndBitshift) refers to stm32f4xx_hal_dma.o(.constdata) for flagBitshiftOffset
    stm32f4xx_hal_dma.o(i.HAL_DMA_Abort) refers to stm32f4xx_hal.o(i.HAL_GetTick) for HAL_GetTick
    stm32f4xx_hal_dma.o(i.HAL_DMA_DeInit) refers to stm32f4xx_hal_dma.o(i.DMA_CalcBaseAndBitshift) for DMA_CalcBaseAndBitshift
    stm32f4xx_hal_dma.o(i.HAL_DMA_Init) refers to main.o(i.assert_failed) for assert_failed
    stm32f4xx_hal_dma.o(i.HAL_DMA_Init) refers to stm32f4xx_hal_dma.o(i.DMA_CalcBaseAndBitshift) for DMA_CalcBaseAndBitshift
    stm32f4xx_hal_dma.o(i.HAL_DMA_PollForTransfer) refers to stm32f4xx_hal.o(i.HAL_GetTick) for HAL_GetTick
    stm32f4xx_hal_dma.o(i.HAL_DMA_Start) refers to main.o(i.assert_failed) for assert_failed
    stm32f4xx_hal_dma.o(i.HAL_DMA_Start) refers to stm32f4xx_hal_dma.o(i.DMA_SetConfig) for DMA_SetConfig
    stm32f4xx_hal_dma.o(i.HAL_DMA_Start_IT) refers to main.o(i.assert_failed) for assert_failed
    stm32f4xx_hal_dma.o(i.HAL_DMA_Start_IT) refers to stm32f4xx_hal_dma.o(i.DMA_SetConfig) for DMA_SetConfig
    stm32f4xx_hal_spi.o(i.HAL_SPI_DMAStop) refers to stm32f4xx_hal_dma.o(i.HAL_DMA_Abort) for HAL_DMA_Abort
    stm32f4xx_hal_spi.o(i.HAL_SPI_DeInit) refers to stm32f4xx_hal_msp.o(i.HAL_SPI_MspDeInit) for HAL_SPI_MspDeInit
    stm32f4xx_hal_spi.o(i.HAL_SPI_IRQHandler) refers to stm32f4xx_hal_spi.o(i.HAL_SPI_ErrorCallback) for HAL_SPI_ErrorCallback
    stm32f4xx_hal_spi.o(i.HAL_SPI_Init) refers to main.o(i.assert_failed) for assert_failed
    stm32f4xx_hal_spi.o(i.HAL_SPI_Init) refers to stm32f4xx_hal_msp.o(i.HAL_SPI_MspInit) for HAL_SPI_MspInit
    stm32f4xx_hal_spi.o(i.HAL_SPI_Receive) refers to stm32f4xx_hal_spi.o(i.HAL_SPI_TransmitReceive) for HAL_SPI_TransmitReceive
    stm32f4xx_hal_spi.o(i.HAL_SPI_Receive) refers to stm32f4xx_hal_spi.o(i.SPI_WaitOnFlagUntilTimeout) for SPI_WaitOnFlagUntilTimeout
    stm32f4xx_hal_spi.o(i.HAL_SPI_Receive_DMA) refers to stm32f4xx_hal_spi.o(i.HAL_SPI_TransmitReceive_DMA) for HAL_SPI_TransmitReceive_DMA
    stm32f4xx_hal_spi.o(i.HAL_SPI_Receive_DMA) refers to stm32f4xx_hal_dma.o(i.HAL_DMA_Start_IT) for HAL_DMA_Start_IT
    stm32f4xx_hal_spi.o(i.HAL_SPI_Receive_DMA) refers to stm32f4xx_hal_spi.o(i.SPI_DMAHalfReceiveCplt) for SPI_DMAHalfReceiveCplt
    stm32f4xx_hal_spi.o(i.HAL_SPI_Receive_DMA) refers to stm32f4xx_hal_spi.o(i.SPI_DMAReceiveCplt) for SPI_DMAReceiveCplt
    stm32f4xx_hal_spi.o(i.HAL_SPI_Receive_DMA) refers to stm32f4xx_hal_spi.o(i.SPI_DMAError) for SPI_DMAError
    stm32f4xx_hal_spi.o(i.HAL_SPI_Receive_IT) refers to stm32f4xx_hal_spi.o(i.HAL_SPI_TransmitReceive_IT) for HAL_SPI_TransmitReceive_IT
    stm32f4xx_hal_spi.o(i.HAL_SPI_Receive_IT) refers to stm32f4xx_hal_spi.o(i.SPI_RxISR) for SPI_RxISR
    stm32f4xx_hal_spi.o(i.HAL_SPI_Transmit) refers to main.o(i.assert_failed) for assert_failed
    stm32f4xx_hal_spi.o(i.HAL_SPI_Transmit) refers to stm32f4xx_hal_spi.o(i.SPI_WaitOnFlagUntilTimeout) for SPI_WaitOnFlagUntilTimeout
    stm32f4xx_hal_spi.o(i.HAL_SPI_TransmitReceive) refers to main.o(i.assert_failed) for assert_failed
    stm32f4xx_hal_spi.o(i.HAL_SPI_TransmitReceive) refers to stm32f4xx_hal_spi.o(i.SPI_WaitOnFlagUntilTimeout) for SPI_WaitOnFlagUntilTimeout
    stm32f4xx_hal_spi.o(i.HAL_SPI_TransmitReceive_DMA) refers to main.o(i.assert_failed) for assert_failed
    stm32f4xx_hal_spi.o(i.HAL_SPI_TransmitReceive_DMA) refers to stm32f4xx_hal_dma.o(i.HAL_DMA_Start_IT) for HAL_DMA_Start_IT
    stm32f4xx_hal_spi.o(i.HAL_SPI_TransmitReceive_DMA) refers to stm32f4xx_hal_spi.o(i.SPI_DMAHalfReceiveCplt) for SPI_DMAHalfReceiveCplt
    stm32f4xx_hal_spi.o(i.HAL_SPI_TransmitReceive_DMA) refers to stm32f4xx_hal_spi.o(i.SPI_DMAReceiveCplt) for SPI_DMAReceiveCplt
    stm32f4xx_hal_spi.o(i.HAL_SPI_TransmitReceive_DMA) refers to stm32f4xx_hal_spi.o(i.SPI_DMAHalfTransmitReceiveCplt) for SPI_DMAHalfTransmitReceiveCplt
    stm32f4xx_hal_spi.o(i.HAL_SPI_TransmitReceive_DMA) refers to stm32f4xx_hal_spi.o(i.SPI_DMATransmitReceiveCplt) for SPI_DMATransmitReceiveCplt
    stm32f4xx_hal_spi.o(i.HAL_SPI_TransmitReceive_DMA) refers to stm32f4xx_hal_spi.o(i.SPI_DMAError) for SPI_DMAError
    stm32f4xx_hal_spi.o(i.HAL_SPI_TransmitReceive_IT) refers to main.o(i.assert_failed) for assert_failed
    stm32f4xx_hal_spi.o(i.HAL_SPI_TransmitReceive_IT) refers to stm32f4xx_hal_spi.o(i.SPI_TxISR) for SPI_TxISR
    stm32f4xx_hal_spi.o(i.HAL_SPI_TransmitReceive_IT) refers to stm32f4xx_hal_spi.o(i.SPI_2LinesRxISR) for SPI_2LinesRxISR
    stm32f4xx_hal_spi.o(i.HAL_SPI_Transmit_DMA) refers to main.o(i.assert_failed) for assert_failed
    stm32f4xx_hal_spi.o(i.HAL_SPI_Transmit_DMA) refers to stm32f4xx_hal_dma.o(i.HAL_DMA_Start_IT) for HAL_DMA_Start_IT
    stm32f4xx_hal_spi.o(i.HAL_SPI_Transmit_DMA) refers to stm32f4xx_hal_spi.o(i.SPI_DMAHalfTransmitCplt) for SPI_DMAHalfTransmitCplt
    stm32f4xx_hal_spi.o(i.HAL_SPI_Transmit_DMA) refers to stm32f4xx_hal_spi.o(i.SPI_DMATransmitCplt) for SPI_DMATransmitCplt
    stm32f4xx_hal_spi.o(i.HAL_SPI_Transmit_DMA) refers to stm32f4xx_hal_spi.o(i.SPI_DMAError) for SPI_DMAError
    stm32f4xx_hal_spi.o(i.HAL_SPI_Transmit_IT) refers to main.o(i.assert_failed) for assert_failed
    stm32f4xx_hal_spi.o(i.HAL_SPI_Transmit_IT) refers to stm32f4xx_hal_spi.o(i.SPI_TxISR) for SPI_TxISR
    stm32f4xx_hal_spi.o(i.SPI_2LinesRxISR) refers to stm32f4xx_hal_spi.o(i.SPI_RxCloseIRQHandler) for SPI_RxCloseIRQHandler
    stm32f4xx_hal_spi.o(i.SPI_DMAEndTransmitReceive) refers to stm32f4xx_hal_spi.o(i.SPI_WaitOnFlagUntilTimeout) for SPI_WaitOnFlagUntilTimeout
    stm32f4xx_hal_spi.o(i.SPI_DMAError) refers to stm32f4xx_hal_spi.o(i.HAL_SPI_ErrorCallback) for HAL_SPI_ErrorCallback
    stm32f4xx_hal_spi.o(i.SPI_DMAHalfReceiveCplt) refers to stm32f4xx_hal_spi.o(i.HAL_SPI_RxHalfCpltCallback) for HAL_SPI_RxHalfCpltCallback
    stm32f4xx_hal_spi.o(i.SPI_DMAHalfTransmitCplt) refers to stm32f4xx_hal_spi.o(i.HAL_SPI_TxHalfCpltCallback) for HAL_SPI_TxHalfCpltCallback
    stm32f4xx_hal_spi.o(i.SPI_DMAHalfTransmitReceiveCplt) refers to stm32f4xx_hal_spi.o(i.HAL_SPI_TxRxHalfCpltCallback) for HAL_SPI_TxRxHalfCpltCallback
    stm32f4xx_hal_spi.o(i.SPI_DMAReceiveCplt) refers to stm32f4xx_hal_spi.o(i.SPI_DMAEndTransmitReceive) for SPI_DMAEndTransmitReceive
    stm32f4xx_hal_spi.o(i.SPI_DMAReceiveCplt) refers to stm32f4xx_hal_spi.o(i.SPI_WaitOnFlagUntilTimeout) for SPI_WaitOnFlagUntilTimeout
    stm32f4xx_hal_spi.o(i.SPI_DMAReceiveCplt) refers to stm32f4xx_hal_spi.o(i.HAL_SPI_ErrorCallback) for HAL_SPI_ErrorCallback
    stm32f4xx_hal_spi.o(i.SPI_DMAReceiveCplt) refers to stm32f4xx_hal_spi.o(i.HAL_SPI_RxCpltCallback) for HAL_SPI_RxCpltCallback
    stm32f4xx_hal_spi.o(i.SPI_DMATransmitCplt) refers to stm32f4xx_hal_spi.o(i.SPI_WaitOnFlagUntilTimeout) for SPI_WaitOnFlagUntilTimeout
    stm32f4xx_hal_spi.o(i.SPI_DMATransmitCplt) refers to stm32f4xx_hal_spi.o(i.HAL_SPI_ErrorCallback) for HAL_SPI_ErrorCallback
    stm32f4xx_hal_spi.o(i.SPI_DMATransmitCplt) refers to stm32f4xx_hal_spi.o(i.HAL_SPI_TxCpltCallback) for HAL_SPI_TxCpltCallback
    stm32f4xx_hal_spi.o(i.SPI_DMATransmitReceiveCplt) refers to stm32f4xx_hal_spi.o(i.SPI_DMAEndTransmitReceive) for SPI_DMAEndTransmitReceive
    stm32f4xx_hal_spi.o(i.SPI_DMATransmitReceiveCplt) refers to stm32f4xx_hal_spi.o(i.HAL_SPI_ErrorCallback) for HAL_SPI_ErrorCallback
    stm32f4xx_hal_spi.o(i.SPI_DMATransmitReceiveCplt) refers to stm32f4xx_hal_spi.o(i.HAL_SPI_TxRxCpltCallback) for HAL_SPI_TxRxCpltCallback
    stm32f4xx_hal_spi.o(i.SPI_RxCloseIRQHandler) refers to stm32f4xx_hal_spi.o(i.SPI_WaitOnFlagUntilTimeout) for SPI_WaitOnFlagUntilTimeout
    stm32f4xx_hal_spi.o(i.SPI_RxCloseIRQHandler) refers to stm32f4xx_hal_spi.o(i.HAL_SPI_TxRxCpltCallback) for HAL_SPI_TxRxCpltCallback
    stm32f4xx_hal_spi.o(i.SPI_RxCloseIRQHandler) refers to stm32f4xx_hal_spi.o(i.HAL_SPI_RxCpltCallback) for HAL_SPI_RxCpltCallback
    stm32f4xx_hal_spi.o(i.SPI_RxCloseIRQHandler) refers to stm32f4xx_hal_spi.o(i.HAL_SPI_ErrorCallback) for HAL_SPI_ErrorCallback
    stm32f4xx_hal_spi.o(i.SPI_RxISR) refers to stm32f4xx_hal_spi.o(i.SPI_RxCloseIRQHandler) for SPI_RxCloseIRQHandler
    stm32f4xx_hal_spi.o(i.SPI_TxCloseIRQHandler) refers to stm32f4xx_hal_spi.o(i.SPI_WaitOnFlagUntilTimeout) for SPI_WaitOnFlagUntilTimeout
    stm32f4xx_hal_spi.o(i.SPI_TxCloseIRQHandler) refers to stm32f4xx_hal_spi.o(i.HAL_SPI_TxRxCpltCallback) for HAL_SPI_TxRxCpltCallback
    stm32f4xx_hal_spi.o(i.SPI_TxCloseIRQHandler) refers to stm32f4xx_hal_spi.o(i.HAL_SPI_TxCpltCallback) for HAL_SPI_TxCpltCallback
    stm32f4xx_hal_spi.o(i.SPI_TxCloseIRQHandler) refers to stm32f4xx_hal_spi.o(i.HAL_SPI_ErrorCallback) for HAL_SPI_ErrorCallback
    stm32f4xx_hal_spi.o(i.SPI_TxISR) refers to stm32f4xx_hal_spi.o(i.SPI_TxCloseIRQHandler) for SPI_TxCloseIRQHandler
    stm32f4xx_hal_spi.o(i.SPI_WaitOnFlagUntilTimeout) refers to stm32f4xx_hal.o(i.HAL_GetTick) for HAL_GetTick
    stm32f4xx_hal_pwr.o(i.HAL_PWR_ConfigPVD) refers to main.o(i.assert_failed) for assert_failed
    stm32f4xx_hal_pwr.o(i.HAL_PWR_DisableWakeUpPin) refers to main.o(i.assert_failed) for assert_failed
    stm32f4xx_hal_pwr.o(i.HAL_PWR_EnableWakeUpPin) refers to main.o(i.assert_failed) for assert_failed
    stm32f4xx_hal_pwr.o(i.HAL_PWR_EnterSLEEPMode) refers to main.o(i.assert_failed) for assert_failed
    stm32f4xx_hal_pwr.o(i.HAL_PWR_EnterSTOPMode) refers to main.o(i.assert_failed) for assert_failed
    stm32f4xx_hal_pwr.o(i.HAL_PWR_PVD_IRQHandler) refers to stm32f4xx_hal_pwr.o(i.HAL_PWR_PVDCallback) for HAL_PWR_PVDCallback
    stm32f4xx_hal_uart.o(i.HAL_HalfDuplex_Init) refers to main.o(i.assert_failed) for assert_failed
    stm32f4xx_hal_uart.o(i.HAL_HalfDuplex_Init) refers to stm32f4xx_hal_msp.o(i.HAL_UART_MspInit) for HAL_UART_MspInit
    stm32f4xx_hal_uart.o(i.HAL_HalfDuplex_Init) refers to stm32f4xx_hal_uart.o(i.UART_SetConfig) for UART_SetConfig
    stm32f4xx_hal_uart.o(i.HAL_LIN_Init) refers to main.o(i.assert_failed) for assert_failed
    stm32f4xx_hal_uart.o(i.HAL_LIN_Init) refers to stm32f4xx_hal_msp.o(i.HAL_UART_MspInit) for HAL_UART_MspInit
    stm32f4xx_hal_uart.o(i.HAL_LIN_Init) refers to stm32f4xx_hal_uart.o(i.UART_SetConfig) for UART_SetConfig
    stm32f4xx_hal_uart.o(i.HAL_LIN_SendBreak) refers to main.o(i.assert_failed) for assert_failed
    stm32f4xx_hal_uart.o(i.HAL_MultiProcessor_EnterMuteMode) refers to main.o(i.assert_failed) for assert_failed
    stm32f4xx_hal_uart.o(i.HAL_MultiProcessor_ExitMuteMode) refers to main.o(i.assert_failed) for assert_failed
    stm32f4xx_hal_uart.o(i.HAL_MultiProcessor_Init) refers to main.o(i.assert_failed) for assert_failed
    stm32f4xx_hal_uart.o(i.HAL_MultiProcessor_Init) refers to stm32f4xx_hal_msp.o(i.HAL_UART_MspInit) for HAL_UART_MspInit
    stm32f4xx_hal_uart.o(i.HAL_MultiProcessor_Init) refers to stm32f4xx_hal_uart.o(i.UART_SetConfig) for UART_SetConfig
    stm32f4xx_hal_uart.o(i.HAL_UART_DMAStop) refers to stm32f4xx_hal_dma.o(i.HAL_DMA_Abort) for HAL_DMA_Abort
    stm32f4xx_hal_uart.o(i.HAL_UART_DeInit) refers to main.o(i.assert_failed) for assert_failed
    stm32f4xx_hal_uart.o(i.HAL_UART_DeInit) refers to stm32f4xx_hal_msp.o(i.HAL_UART_MspDeInit) for HAL_UART_MspDeInit
    stm32f4xx_hal_uart.o(i.HAL_UART_IRQHandler) refers to stm32f4xx_hal_uart.o(i.UART_Receive_IT) for UART_Receive_IT
    stm32f4xx_hal_uart.o(i.HAL_UART_IRQHandler) refers to stm32f4xx_hal_uart.o(i.UART_Transmit_IT) for UART_Transmit_IT
    stm32f4xx_hal_uart.o(i.HAL_UART_IRQHandler) refers to stm32f4xx_hal_uart.o(i.UART_EndTransmit_IT) for UART_EndTransmit_IT
    stm32f4xx_hal_uart.o(i.HAL_UART_IRQHandler) refers to stm32f4xx_hal_uart.o(i.HAL_UART_ErrorCallback) for HAL_UART_ErrorCallback
    stm32f4xx_hal_uart.o(i.HAL_UART_Init) refers to main.o(i.assert_failed) for assert_failed
    stm32f4xx_hal_uart.o(i.HAL_UART_Init) refers to stm32f4xx_hal_msp.o(i.HAL_UART_MspInit) for HAL_UART_MspInit
    stm32f4xx_hal_uart.o(i.HAL_UART_Init) refers to stm32f4xx_hal_uart.o(i.UART_SetConfig) for UART_SetConfig
    stm32f4xx_hal_uart.o(i.HAL_UART_Receive) refers to stm32f4xx_hal_uart.o(i.UART_WaitOnFlagUntilTimeout) for UART_WaitOnFlagUntilTimeout
    stm32f4xx_hal_uart.o(i.HAL_UART_Receive_DMA) refers to stm32f4xx_hal_dma.o(i.HAL_DMA_Start_IT) for HAL_DMA_Start_IT
    stm32f4xx_hal_uart.o(i.HAL_UART_Receive_DMA) refers to stm32f4xx_hal_uart.o(i.UART_DMAReceiveCplt) for UART_DMAReceiveCplt
    stm32f4xx_hal_uart.o(i.HAL_UART_Receive_DMA) refers to stm32f4xx_hal_uart.o(i.UART_DMARxHalfCplt) for UART_DMARxHalfCplt
    stm32f4xx_hal_uart.o(i.HAL_UART_Receive_DMA) refers to stm32f4xx_hal_uart.o(i.UART_DMAError) for UART_DMAError
    stm32f4xx_hal_uart.o(i.HAL_UART_Transmit) refers to stm32f4xx_hal_uart.o(i.UART_WaitOnFlagUntilTimeout) for UART_WaitOnFlagUntilTimeout
    stm32f4xx_hal_uart.o(i.HAL_UART_Transmit_DMA) refers to stm32f4xx_hal_dma.o(i.HAL_DMA_Start_IT) for HAL_DMA_Start_IT
    stm32f4xx_hal_uart.o(i.HAL_UART_Transmit_DMA) refers to stm32f4xx_hal_uart.o(i.UART_DMATransmitCplt) for UART_DMATransmitCplt
    stm32f4xx_hal_uart.o(i.HAL_UART_Transmit_DMA) refers to stm32f4xx_hal_uart.o(i.UART_DMATxHalfCplt) for UART_DMATxHalfCplt
    stm32f4xx_hal_uart.o(i.HAL_UART_Transmit_DMA) refers to stm32f4xx_hal_uart.o(i.UART_DMAError) for UART_DMAError
    stm32f4xx_hal_uart.o(i.UART_DMAError) refers to stm32f4xx_hal_uart.o(i.HAL_UART_ErrorCallback) for HAL_UART_ErrorCallback
    stm32f4xx_hal_uart.o(i.UART_DMAReceiveCplt) refers to stm32f4xx_hal_uart.o(i.HAL_UART_RxCpltCallback) for HAL_UART_RxCpltCallback
    stm32f4xx_hal_uart.o(i.UART_DMARxHalfCplt) refers to stm32f4xx_hal_uart.o(i.HAL_UART_RxHalfCpltCallback) for HAL_UART_RxHalfCpltCallback
    stm32f4xx_hal_uart.o(i.UART_DMATransmitCplt) refers to stm32f4xx_hal_uart.o(i.HAL_UART_TxCpltCallback) for HAL_UART_TxCpltCallback
    stm32f4xx_hal_uart.o(i.UART_DMATxHalfCplt) refers to stm32f4xx_hal_uart.o(i.HAL_UART_TxHalfCpltCallback) for HAL_UART_TxHalfCpltCallback
    stm32f4xx_hal_uart.o(i.UART_EndTransmit_IT) refers to stm32f4xx_hal_uart.o(i.HAL_UART_TxCpltCallback) for HAL_UART_TxCpltCallback
    stm32f4xx_hal_uart.o(i.UART_Receive_IT) refers to stm32f4xx_hal_uart.o(i.HAL_UART_RxCpltCallback) for HAL_UART_RxCpltCallback
    stm32f4xx_hal_uart.o(i.UART_SetConfig) refers to main.o(i.assert_failed) for assert_failed
    stm32f4xx_hal_uart.o(i.UART_SetConfig) refers to stm32f4xx_hal_rcc.o(i.HAL_RCC_GetPCLK2Freq) for HAL_RCC_GetPCLK2Freq
    stm32f4xx_hal_uart.o(i.UART_SetConfig) refers to stm32f4xx_hal_rcc.o(i.HAL_RCC_GetPCLK1Freq) for HAL_RCC_GetPCLK1Freq
    stm32f4xx_hal_uart.o(i.UART_WaitOnFlagUntilTimeout) refers to stm32f4xx_hal.o(i.HAL_GetTick) for HAL_GetTick
    stm32f4xx_hal_dma_ex.o(i.HAL_DMAEx_MultiBufferStart) refers to main.o(i.assert_failed) for assert_failed
    stm32f4xx_hal_dma_ex.o(i.HAL_DMAEx_MultiBufferStart) refers to stm32f4xx_hal_dma_ex.o(i.DMA_MultiBufferSetConfig) for DMA_MultiBufferSetConfig
    stm32f4xx_hal_dma_ex.o(i.HAL_DMAEx_MultiBufferStart_IT) refers to main.o(i.assert_failed) for assert_failed
    stm32f4xx_hal_dma_ex.o(i.HAL_DMAEx_MultiBufferStart_IT) refers to stm32f4xx_hal_dma_ex.o(i.DMA_MultiBufferSetConfig) for DMA_MultiBufferSetConfig
    stm32f4xx_hal_flash_ex.o(i.FLASH_Erase_Sector) refers to main.o(i.assert_failed) for assert_failed
    stm32f4xx_hal_flash_ex.o(i.FLASH_MassErase) refers to main.o(i.assert_failed) for assert_failed
    stm32f4xx_hal_flash_ex.o(i.FLASH_OB_BOR_LevelConfig) refers to main.o(i.assert_failed) for assert_failed
    stm32f4xx_hal_flash_ex.o(i.FLASH_OB_DisablePCROP) refers to main.o(i.assert_failed) for assert_failed
    stm32f4xx_hal_flash_ex.o(i.FLASH_OB_DisablePCROP) refers to stm32f4xx_hal_flash.o(i.FLASH_WaitForLastOperation) for FLASH_WaitForLastOperation
    stm32f4xx_hal_flash_ex.o(i.FLASH_OB_DisableWRP) refers to main.o(i.assert_failed) for assert_failed
    stm32f4xx_hal_flash_ex.o(i.FLASH_OB_DisableWRP) refers to stm32f4xx_hal_flash.o(i.FLASH_WaitForLastOperation) for FLASH_WaitForLastOperation
    stm32f4xx_hal_flash_ex.o(i.FLASH_OB_EnablePCROP) refers to main.o(i.assert_failed) for assert_failed
    stm32f4xx_hal_flash_ex.o(i.FLASH_OB_EnablePCROP) refers to stm32f4xx_hal_flash.o(i.FLASH_WaitForLastOperation) for FLASH_WaitForLastOperation
    stm32f4xx_hal_flash_ex.o(i.FLASH_OB_EnableWRP) refers to main.o(i.assert_failed) for assert_failed
    stm32f4xx_hal_flash_ex.o(i.FLASH_OB_EnableWRP) refers to stm32f4xx_hal_flash.o(i.FLASH_WaitForLastOperation) for FLASH_WaitForLastOperation
    stm32f4xx_hal_flash_ex.o(i.FLASH_OB_RDP_LevelConfig) refers to main.o(i.assert_failed) for assert_failed
    stm32f4xx_hal_flash_ex.o(i.FLASH_OB_RDP_LevelConfig) refers to stm32f4xx_hal_flash.o(i.FLASH_WaitForLastOperation) for FLASH_WaitForLastOperation
    stm32f4xx_hal_flash_ex.o(i.FLASH_OB_UserConfig) refers to main.o(i.assert_failed) for assert_failed
    stm32f4xx_hal_flash_ex.o(i.FLASH_OB_UserConfig) refers to stm32f4xx_hal_flash.o(i.FLASH_WaitForLastOperation) for FLASH_WaitForLastOperation
    stm32f4xx_hal_flash_ex.o(i.HAL_FLASHEx_AdvOBProgram) refers to main.o(i.assert_failed) for assert_failed
    stm32f4xx_hal_flash_ex.o(i.HAL_FLASHEx_AdvOBProgram) refers to stm32f4xx_hal_flash_ex.o(i.FLASH_OB_EnablePCROP) for FLASH_OB_EnablePCROP
    stm32f4xx_hal_flash_ex.o(i.HAL_FLASHEx_AdvOBProgram) refers to stm32f4xx_hal_flash_ex.o(i.FLASH_OB_DisablePCROP) for FLASH_OB_DisablePCROP
    stm32f4xx_hal_flash_ex.o(i.HAL_FLASHEx_Erase) refers to main.o(i.assert_failed) for assert_failed
    stm32f4xx_hal_flash_ex.o(i.HAL_FLASHEx_Erase) refers to stm32f4xx_hal_flash.o(i.FLASH_WaitForLastOperation) for FLASH_WaitForLastOperation
    stm32f4xx_hal_flash_ex.o(i.HAL_FLASHEx_Erase) refers to stm32f4xx_hal_flash_ex.o(i.FLASH_MassErase) for FLASH_MassErase
    stm32f4xx_hal_flash_ex.o(i.HAL_FLASHEx_Erase) refers to stm32f4xx_hal_flash_ex.o(i.FLASH_Erase_Sector) for FLASH_Erase_Sector
    stm32f4xx_hal_flash_ex.o(i.HAL_FLASHEx_Erase) refers to stm32f4xx_hal_flash_ex.o(i.FLASH_FlushCaches) for FLASH_FlushCaches
    stm32f4xx_hal_flash_ex.o(i.HAL_FLASHEx_Erase) refers to stm32f4xx_hal_flash.o(.bss) for pFlash
    stm32f4xx_hal_flash_ex.o(i.HAL_FLASHEx_Erase_IT) refers to main.o(i.assert_failed) for assert_failed
    stm32f4xx_hal_flash_ex.o(i.HAL_FLASHEx_Erase_IT) refers to stm32f4xx_hal_flash_ex.o(i.FLASH_MassErase) for FLASH_MassErase
    stm32f4xx_hal_flash_ex.o(i.HAL_FLASHEx_Erase_IT) refers to stm32f4xx_hal_flash_ex.o(i.FLASH_Erase_Sector) for FLASH_Erase_Sector
    stm32f4xx_hal_flash_ex.o(i.HAL_FLASHEx_Erase_IT) refers to stm32f4xx_hal_flash.o(.bss) for pFlash
    stm32f4xx_hal_flash_ex.o(i.HAL_FLASHEx_OBGetConfig) refers to stm32f4xx_hal_flash_ex.o(i.FLASH_OB_GetWRP) for FLASH_OB_GetWRP
    stm32f4xx_hal_flash_ex.o(i.HAL_FLASHEx_OBGetConfig) refers to stm32f4xx_hal_flash_ex.o(i.FLASH_OB_GetRDP) for FLASH_OB_GetRDP
    stm32f4xx_hal_flash_ex.o(i.HAL_FLASHEx_OBGetConfig) refers to stm32f4xx_hal_flash_ex.o(i.FLASH_OB_GetUser) for FLASH_OB_GetUser
    stm32f4xx_hal_flash_ex.o(i.HAL_FLASHEx_OBGetConfig) refers to stm32f4xx_hal_flash_ex.o(i.FLASH_OB_GetBOR) for FLASH_OB_GetBOR
    stm32f4xx_hal_flash_ex.o(i.HAL_FLASHEx_OBProgram) refers to main.o(i.assert_failed) for assert_failed
    stm32f4xx_hal_flash_ex.o(i.HAL_FLASHEx_OBProgram) refers to stm32f4xx_hal_flash_ex.o(i.FLASH_OB_EnableWRP) for FLASH_OB_EnableWRP
    stm32f4xx_hal_flash_ex.o(i.HAL_FLASHEx_OBProgram) refers to stm32f4xx_hal_flash_ex.o(i.FLASH_OB_DisableWRP) for FLASH_OB_DisableWRP
    stm32f4xx_hal_flash_ex.o(i.HAL_FLASHEx_OBProgram) refers to stm32f4xx_hal_flash_ex.o(i.FLASH_OB_RDP_LevelConfig) for FLASH_OB_RDP_LevelConfig
    stm32f4xx_hal_flash_ex.o(i.HAL_FLASHEx_OBProgram) refers to stm32f4xx_hal_flash_ex.o(i.FLASH_OB_UserConfig) for FLASH_OB_UserConfig
    stm32f4xx_hal_flash_ex.o(i.HAL_FLASHEx_OBProgram) refers to stm32f4xx_hal_flash_ex.o(i.FLASH_OB_BOR_LevelConfig) for FLASH_OB_BOR_LevelConfig
    stm32f4xx_hal_flash_ex.o(i.HAL_FLASHEx_OBProgram) refers to stm32f4xx_hal_flash.o(.bss) for pFlash
    stm32f4xx_hal_pwr_ex.o(i.HAL_PWREx_ControlVoltageScaling) refers to main.o(i.assert_failed) for assert_failed
    stm32f4xx_hal_pwr_ex.o(i.HAL_PWREx_ControlVoltageScaling) refers to stm32f4xx_hal.o(i.HAL_GetTick) for HAL_GetTick
    stm32f4xx_hal_pwr_ex.o(i.HAL_PWREx_DisableBkUpReg) refers to stm32f4xx_hal.o(i.HAL_GetTick) for HAL_GetTick
    stm32f4xx_hal_pwr_ex.o(i.HAL_PWREx_EnableBkUpReg) refers to stm32f4xx_hal.o(i.HAL_GetTick) for HAL_GetTick
    stm32f4xx_hal_rcc_ex.o(i.HAL_RCCEx_PeriphCLKConfig) refers to main.o(i.assert_failed) for assert_failed
    stm32f4xx_hal_rcc_ex.o(i.HAL_RCCEx_PeriphCLKConfig) refers to stm32f4xx_hal.o(i.HAL_GetTick) for HAL_GetTick
    stm32f4xx_hal_flash.o(i.FLASH_Program_Byte) refers to main.o(i.assert_failed) for assert_failed
    stm32f4xx_hal_flash.o(i.FLASH_Program_DoubleWord) refers to main.o(i.assert_failed) for assert_failed
    stm32f4xx_hal_flash.o(i.FLASH_Program_HalfWord) refers to main.o(i.assert_failed) for assert_failed
    stm32f4xx_hal_flash.o(i.FLASH_Program_Word) refers to main.o(i.assert_failed) for assert_failed
    stm32f4xx_hal_flash.o(i.FLASH_SetErrorCode) refers to stm32f4xx_hal_flash.o(.bss) for pFlash
    stm32f4xx_hal_flash.o(i.FLASH_WaitForLastOperation) refers to stm32f4xx_hal.o(i.HAL_GetTick) for HAL_GetTick
    stm32f4xx_hal_flash.o(i.FLASH_WaitForLastOperation) refers to stm32f4xx_hal_flash.o(i.FLASH_SetErrorCode) for FLASH_SetErrorCode
    stm32f4xx_hal_flash.o(i.FLASH_WaitForLastOperation) refers to stm32f4xx_hal_flash.o(.bss) for pFlash
    stm32f4xx_hal_flash.o(i.HAL_FLASH_GetError) refers to stm32f4xx_hal_flash.o(.bss) for pFlash
    stm32f4xx_hal_flash.o(i.HAL_FLASH_IRQHandler) refers to stm32f4xx_hal_flash.o(i.FLASH_SetErrorCode) for FLASH_SetErrorCode
    stm32f4xx_hal_flash.o(i.HAL_FLASH_IRQHandler) refers to stm32f4xx_hal_flash.o(i.HAL_FLASH_OperationErrorCallback) for HAL_FLASH_OperationErrorCallback
    stm32f4xx_hal_flash.o(i.HAL_FLASH_IRQHandler) refers to stm32f4xx_hal_flash.o(i.HAL_FLASH_EndOfOperationCallback) for HAL_FLASH_EndOfOperationCallback
    stm32f4xx_hal_flash.o(i.HAL_FLASH_IRQHandler) refers to stm32f4xx_hal_flash_ex.o(i.FLASH_Erase_Sector) for FLASH_Erase_Sector
    stm32f4xx_hal_flash.o(i.HAL_FLASH_IRQHandler) refers to stm32f4xx_hal_flash_ex.o(i.FLASH_FlushCaches) for FLASH_FlushCaches
    stm32f4xx_hal_flash.o(i.HAL_FLASH_IRQHandler) refers to stm32f4xx_hal_flash.o(.bss) for pFlash
    stm32f4xx_hal_flash.o(i.HAL_FLASH_OB_Launch) refers to stm32f4xx_hal_flash.o(i.FLASH_WaitForLastOperation) for FLASH_WaitForLastOperation
    stm32f4xx_hal_flash.o(i.HAL_FLASH_Program) refers to main.o(i.assert_failed) for assert_failed
    stm32f4xx_hal_flash.o(i.HAL_FLASH_Program) refers to stm32f4xx_hal_flash.o(i.FLASH_WaitForLastOperation) for FLASH_WaitForLastOperation
    stm32f4xx_hal_flash.o(i.HAL_FLASH_Program) refers to stm32f4xx_hal_flash.o(i.FLASH_Program_Byte) for FLASH_Program_Byte
    stm32f4xx_hal_flash.o(i.HAL_FLASH_Program) refers to stm32f4xx_hal_flash.o(i.FLASH_Program_HalfWord) for FLASH_Program_HalfWord
    stm32f4xx_hal_flash.o(i.HAL_FLASH_Program) refers to stm32f4xx_hal_flash.o(i.FLASH_Program_Word) for FLASH_Program_Word
    stm32f4xx_hal_flash.o(i.HAL_FLASH_Program) refers to stm32f4xx_hal_flash.o(i.FLASH_Program_DoubleWord) for FLASH_Program_DoubleWord
    stm32f4xx_hal_flash.o(i.HAL_FLASH_Program) refers to stm32f4xx_hal_flash.o(.bss) for pFlash
    stm32f4xx_hal_flash.o(i.HAL_FLASH_Program_IT) refers to main.o(i.assert_failed) for assert_failed
    stm32f4xx_hal_flash.o(i.HAL_FLASH_Program_IT) refers to stm32f4xx_hal_flash.o(i.FLASH_Program_Byte) for FLASH_Program_Byte
    stm32f4xx_hal_flash.o(i.HAL_FLASH_Program_IT) refers to stm32f4xx_hal_flash.o(i.FLASH_Program_HalfWord) for FLASH_Program_HalfWord
    stm32f4xx_hal_flash.o(i.HAL_FLASH_Program_IT) refers to stm32f4xx_hal_flash.o(i.FLASH_Program_Word) for FLASH_Program_Word
    stm32f4xx_hal_flash.o(i.HAL_FLASH_Program_IT) refers to stm32f4xx_hal_flash.o(i.FLASH_Program_DoubleWord) for FLASH_Program_DoubleWord
    stm32f4xx_hal_flash.o(i.HAL_FLASH_Program_IT) refers to stm32f4xx_hal_flash.o(.bss) for pFlash
    stm32f4xx_nucleo.o(i.ADCx_Init) refers to stm32f4xx_hal_adc.o(i.HAL_ADC_GetState) for HAL_ADC_GetState
    stm32f4xx_nucleo.o(i.ADCx_Init) refers to stm32f4xx_nucleo.o(i.ADCx_MspInit) for ADCx_MspInit
    stm32f4xx_nucleo.o(i.ADCx_Init) refers to stm32f4xx_hal_adc.o(i.HAL_ADC_Init) for HAL_ADC_Init
    stm32f4xx_nucleo.o(i.ADCx_Init) refers to stm32f4xx_nucleo.o(.bss) for hnucleo_Adc
    stm32f4xx_nucleo.o(i.ADCx_MspInit) refers to stm32f4xx_hal_gpio.o(i.HAL_GPIO_Init) for HAL_GPIO_Init
    stm32f4xx_nucleo.o(i.BSP_JOY_GetState) refers to stm32f4xx_hal_adc.o(i.HAL_ADC_Start) for HAL_ADC_Start
    stm32f4xx_nucleo.o(i.BSP_JOY_GetState) refers to stm32f4xx_hal_adc.o(i.HAL_ADC_PollForConversion) for HAL_ADC_PollForConversion
    stm32f4xx_nucleo.o(i.BSP_JOY_GetState) refers to stm32f4xx_hal_adc.o(i.HAL_ADC_GetState) for HAL_ADC_GetState
    stm32f4xx_nucleo.o(i.BSP_JOY_GetState) refers to stm32f4xx_hal_adc.o(i.HAL_ADC_GetValue) for HAL_ADC_GetValue
    stm32f4xx_nucleo.o(i.BSP_JOY_GetState) refers to stm32f4xx_nucleo.o(.bss) for hnucleo_Adc
    stm32f4xx_nucleo.o(i.BSP_JOY_Init) refers to stm32f4xx_nucleo.o(i.ADCx_Init) for ADCx_Init
    stm32f4xx_nucleo.o(i.BSP_JOY_Init) refers to stm32f4xx_hal_adc.o(i.HAL_ADC_ConfigChannel) for HAL_ADC_ConfigChannel
    stm32f4xx_nucleo.o(i.BSP_JOY_Init) refers to stm32f4xx_nucleo.o(.bss) for sConfig
    stm32f4xx_nucleo.o(i.BSP_LED_Init) refers to stm32f4xx_hal_gpio.o(i.HAL_GPIO_Init) for HAL_GPIO_Init
    stm32f4xx_nucleo.o(i.BSP_LED_Init) refers to stm32f4xx_hal_gpio.o(i.HAL_GPIO_WritePin) for HAL_GPIO_WritePin
    stm32f4xx_nucleo.o(i.BSP_LED_Init) refers to stm32f4xx_nucleo.o(.constdata) for GPIO_PIN
    stm32f4xx_nucleo.o(i.BSP_LED_Init) refers to stm32f4xx_nucleo.o(.data) for GPIO_PORT
    stm32f4xx_nucleo.o(i.BSP_LED_Off) refers to stm32f4xx_hal_gpio.o(i.HAL_GPIO_WritePin) for HAL_GPIO_WritePin
    stm32f4xx_nucleo.o(i.BSP_LED_Off) refers to stm32f4xx_nucleo.o(.constdata) for GPIO_PIN
    stm32f4xx_nucleo.o(i.BSP_LED_Off) refers to stm32f4xx_nucleo.o(.data) for GPIO_PORT
    stm32f4xx_nucleo.o(i.BSP_LED_On) refers to stm32f4xx_hal_gpio.o(i.HAL_GPIO_WritePin) for HAL_GPIO_WritePin
    stm32f4xx_nucleo.o(i.BSP_LED_On) refers to stm32f4xx_nucleo.o(.constdata) for GPIO_PIN
    stm32f4xx_nucleo.o(i.BSP_LED_On) refers to stm32f4xx_nucleo.o(.data) for GPIO_PORT
    stm32f4xx_nucleo.o(i.BSP_LED_Toggle) refers to stm32f4xx_hal_gpio.o(i.HAL_GPIO_TogglePin) for HAL_GPIO_TogglePin
    stm32f4xx_nucleo.o(i.BSP_LED_Toggle) refers to stm32f4xx_nucleo.o(.constdata) for GPIO_PIN
    stm32f4xx_nucleo.o(i.BSP_LED_Toggle) refers to stm32f4xx_nucleo.o(.data) for GPIO_PORT
    stm32f4xx_nucleo.o(i.BSP_PB_GetState) refers to stm32f4xx_hal_gpio.o(i.HAL_GPIO_ReadPin) for HAL_GPIO_ReadPin
    stm32f4xx_nucleo.o(i.BSP_PB_GetState) refers to stm32f4xx_nucleo.o(.constdata) for BUTTON_PIN
    stm32f4xx_nucleo.o(i.BSP_PB_GetState) refers to stm32f4xx_nucleo.o(.data) for BUTTON_PORT
    stm32f4xx_nucleo.o(i.BSP_PB_Init) refers to stm32f4xx_hal_gpio.o(i.HAL_GPIO_Init) for HAL_GPIO_Init
    stm32f4xx_nucleo.o(i.BSP_PB_Init) refers to stm32f4xx_hal_cortex.o(i.HAL_NVIC_SetPriority) for HAL_NVIC_SetPriority
    stm32f4xx_nucleo.o(i.BSP_PB_Init) refers to stm32f4xx_hal_cortex.o(i.HAL_NVIC_EnableIRQ) for HAL_NVIC_EnableIRQ
    stm32f4xx_nucleo.o(i.BSP_PB_Init) refers to stm32f4xx_nucleo.o(.constdata) for BUTTON_PIN
    stm32f4xx_nucleo.o(i.BSP_PB_Init) refers to stm32f4xx_nucleo.o(.data) for BUTTON_PORT
    stm32f4xx_nucleo.o(i.LCD_Delay) refers to stm32f4xx_hal.o(i.HAL_Delay) for HAL_Delay
    stm32f4xx_nucleo.o(i.LCD_IO_Init) refers to stm32f4xx_hal_gpio.o(i.HAL_GPIO_Init) for HAL_GPIO_Init
    stm32f4xx_nucleo.o(i.LCD_IO_Init) refers to stm32f4xx_hal_gpio.o(i.HAL_GPIO_WritePin) for HAL_GPIO_WritePin
    stm32f4xx_nucleo.o(i.LCD_IO_Init) refers to stm32f4xx_nucleo.o(i.SPIx_Init) for SPIx_Init
    stm32f4xx_nucleo.o(i.LCD_IO_WriteData) refers to stm32f4xx_hal_gpio.o(i.HAL_GPIO_WritePin) for HAL_GPIO_WritePin
    stm32f4xx_nucleo.o(i.LCD_IO_WriteData) refers to stm32f4xx_nucleo.o(i.SPIx_Write) for SPIx_Write
    stm32f4xx_nucleo.o(i.LCD_IO_WriteMultipleData) refers to stm32f4xx_hal_gpio.o(i.HAL_GPIO_WritePin) for HAL_GPIO_WritePin
    stm32f4xx_nucleo.o(i.LCD_IO_WriteMultipleData) refers to stm32f4xx_nucleo.o(i.SPIx_Write) for SPIx_Write
    stm32f4xx_nucleo.o(i.LCD_IO_WriteMultipleData) refers to stm32f4xx_nucleo.o(.bss) for hnucleo_Spi
    stm32f4xx_nucleo.o(i.LCD_IO_WriteReg) refers to stm32f4xx_hal_gpio.o(i.HAL_GPIO_WritePin) for HAL_GPIO_WritePin
    stm32f4xx_nucleo.o(i.LCD_IO_WriteReg) refers to stm32f4xx_nucleo.o(i.SPIx_Write) for SPIx_Write
    stm32f4xx_nucleo.o(i.SD_IO_Init) refers to stm32f4xx_hal_gpio.o(i.HAL_GPIO_Init) for HAL_GPIO_Init
    stm32f4xx_nucleo.o(i.SD_IO_Init) refers to stm32f4xx_nucleo.o(i.SPIx_Init) for SPIx_Init
    stm32f4xx_nucleo.o(i.SD_IO_Init) refers to stm32f4xx_hal_gpio.o(i.HAL_GPIO_WritePin) for HAL_GPIO_WritePin
    stm32f4xx_nucleo.o(i.SD_IO_Init) refers to stm32f4xx_nucleo.o(i.SD_IO_WriteByte) for SD_IO_WriteByte
    stm32f4xx_nucleo.o(i.SD_IO_ReadByte) refers to stm32f4xx_nucleo.o(i.SPIx_Read) for SPIx_Read
    stm32f4xx_nucleo.o(i.SD_IO_WaitResponse) refers to stm32f4xx_nucleo.o(i.SD_IO_ReadByte) for SD_IO_ReadByte
    stm32f4xx_nucleo.o(i.SD_IO_WriteByte) refers to stm32f4xx_nucleo.o(i.SPIx_Write) for SPIx_Write
    stm32f4xx_nucleo.o(i.SD_IO_WriteCmd) refers to stm32f4xx_hal_gpio.o(i.HAL_GPIO_WritePin) for HAL_GPIO_WritePin
    stm32f4xx_nucleo.o(i.SD_IO_WriteCmd) refers to stm32f4xx_nucleo.o(i.SD_IO_WriteByte) for SD_IO_WriteByte
    stm32f4xx_nucleo.o(i.SD_IO_WriteCmd) refers to stm32f4xx_nucleo.o(i.SD_IO_WaitResponse) for SD_IO_WaitResponse
    stm32f4xx_nucleo.o(i.SD_IO_WriteDummy) refers to stm32f4xx_hal_gpio.o(i.HAL_GPIO_WritePin) for HAL_GPIO_WritePin
    stm32f4xx_nucleo.o(i.SD_IO_WriteDummy) refers to stm32f4xx_nucleo.o(i.SD_IO_WriteByte) for SD_IO_WriteByte
    stm32f4xx_nucleo.o(i.SPIx_Error) refers to stm32f4xx_hal_spi.o(i.HAL_SPI_DeInit) for HAL_SPI_DeInit
    stm32f4xx_nucleo.o(i.SPIx_Error) refers to stm32f4xx_nucleo.o(i.SPIx_Init) for SPIx_Init
    stm32f4xx_nucleo.o(i.SPIx_Error) refers to stm32f4xx_nucleo.o(.bss) for hnucleo_Spi
    stm32f4xx_nucleo.o(i.SPIx_Init) refers to stm32f4xx_hal_spi.o(i.HAL_SPI_GetState) for HAL_SPI_GetState
    stm32f4xx_nucleo.o(i.SPIx_Init) refers to stm32f4xx_nucleo.o(i.SPIx_MspInit) for SPIx_MspInit
    stm32f4xx_nucleo.o(i.SPIx_Init) refers to stm32f4xx_hal_spi.o(i.HAL_SPI_Init) for HAL_SPI_Init
    stm32f4xx_nucleo.o(i.SPIx_Init) refers to stm32f4xx_nucleo.o(.bss) for hnucleo_Spi
    stm32f4xx_nucleo.o(i.SPIx_MspInit) refers to stm32f4xx_hal_gpio.o(i.HAL_GPIO_Init) for HAL_GPIO_Init
    stm32f4xx_nucleo.o(i.SPIx_Read) refers to stm32f4xx_hal_spi.o(i.HAL_SPI_TransmitReceive) for HAL_SPI_TransmitReceive
    stm32f4xx_nucleo.o(i.SPIx_Read) refers to stm32f4xx_nucleo.o(i.SPIx_Error) for SPIx_Error
    stm32f4xx_nucleo.o(i.SPIx_Read) refers to stm32f4xx_nucleo.o(.data) for SpixTimeout
    stm32f4xx_nucleo.o(i.SPIx_Read) refers to stm32f4xx_nucleo.o(.bss) for hnucleo_Spi
    stm32f4xx_nucleo.o(i.SPIx_Write) refers to stm32f4xx_hal_spi.o(i.HAL_SPI_Transmit) for HAL_SPI_Transmit
    stm32f4xx_nucleo.o(i.SPIx_Write) refers to stm32f4xx_nucleo.o(i.SPIx_Error) for SPIx_Error
    stm32f4xx_nucleo.o(i.SPIx_Write) refers to stm32f4xx_nucleo.o(.data) for SpixTimeout
    stm32f4xx_nucleo.o(i.SPIx_Write) refers to stm32f4xx_nucleo.o(.bss) for hnucleo_Spi
    xnucleoihm02a1.o(i.BSP_0_Config) refers to xnucleoihm02a1.o(i.BSP_Config) for BSP_Config
    xnucleoihm02a1.o(i.BSP_0_Config) refers to xnucleoihm02a1.o(.data) for XNUCLEOIHM02A1Drv
    xnucleoihm02a1.o(i.BSP_1_Config) refers to xnucleoihm02a1.o(i.BSP_Config) for BSP_Config
    xnucleoihm02a1.o(i.BSP_1_Config) refers to xnucleoihm02a1.o(.data) for XNUCLEOIHM02A1Drv
    xnucleoihm02a1.o(i.BSP_2_Config) refers to xnucleoihm02a1.o(i.BSP_Config) for BSP_Config
    xnucleoihm02a1.o(i.BSP_2_Config) refers to xnucleoihm02a1.o(.data) for XNUCLEOIHM02A1Drv
    xnucleoihm02a1.o(i.BSP_3_Config) refers to xnucleoihm02a1.o(i.BSP_Config) for BSP_Config
    xnucleoihm02a1.o(i.BSP_3_Config) refers to xnucleoihm02a1.o(.data) for XNUCLEOIHM02A1Drv
    xnucleoihm02a1.o(i.BSP_EmergencyStop) refers to stm32f4xx_hal_gpio.o(i.HAL_GPIO_WritePin) for HAL_GPIO_WritePin
    xnucleoihm02a1.o(i.BSP_EmergencyStop) refers to xnucleoihm02a1.o(.data) for L6470_nSTBY_nRST_GPIO
    xnucleoihm02a1.o(i.BSP_GetExpansionBoardHandle) refers to xnucleoihm02a1.o(i.EXPBRD_ID) for EXPBRD_ID
    xnucleoihm02a1.o(i.BSP_GetExpansionBoardHandle) refers to xnucleoihm02a1.o(.data) for XNUCLEOIHM02A1Drv
    xnucleoihm02a1.o(i.BSP_IRQ) refers to stm32f4xx_hal_cortex.o(i.HAL_NVIC_EnableIRQ) for HAL_NVIC_EnableIRQ
    xnucleoihm02a1.o(i.BSP_IRQ) refers to stm32f4xx_hal_cortex.o(i.HAL_NVIC_DisableIRQ) for HAL_NVIC_DisableIRQ
    xnucleoihm02a1.o(i.BSP_Init) refers to xnucleoihm02a1.o(i.EXPBRD_ID) for EXPBRD_ID
    xnucleoihm02a1.o(i.BSP_Init) refers to xnucleoihm02a1.o(i.BSP_Select) for BSP_Select
    xnucleoihm02a1.o(i.BSP_Init) refers to xnucleoihm02a1.o(i.BSP_NUCLEO_GPIO_Init) for BSP_NUCLEO_GPIO_Init
    xnucleoihm02a1.o(i.BSP_Init) refers to xnucleoihm02a1.o(i.BSP_L6470_Init) for BSP_L6470_Init
    xnucleoihm02a1.o(i.BSP_Init) refers to xnucleoihm02a1.o(i.BSP_IRQ) for BSP_IRQ
    xnucleoihm02a1.o(i.BSP_L6470_0_0_Config) refers to l6470.o(i.L6470_Config) for L6470_Config
    xnucleoihm02a1.o(i.BSP_L6470_0_0_Config) refers to xnucleoihm02a1.o(.data) for L6470DrvMtx
    xnucleoihm02a1.o(i.BSP_L6470_0_1_Config) refers to l6470.o(i.L6470_Config) for L6470_Config
    xnucleoihm02a1.o(i.BSP_L6470_0_1_Config) refers to xnucleoihm02a1.o(.data) for L6470DrvMtx
    xnucleoihm02a1.o(i.BSP_L6470_1_0_Config) refers to l6470.o(i.L6470_Config) for L6470_Config
    xnucleoihm02a1.o(i.BSP_L6470_1_0_Config) refers to xnucleoihm02a1.o(.data) for L6470DrvMtx
    xnucleoihm02a1.o(i.BSP_L6470_1_1_Config) refers to l6470.o(i.L6470_Config) for L6470_Config
    xnucleoihm02a1.o(i.BSP_L6470_1_1_Config) refers to xnucleoihm02a1.o(.data) for L6470DrvMtx
    xnucleoihm02a1.o(i.BSP_L6470_2_0_Config) refers to l6470.o(i.L6470_Config) for L6470_Config
    xnucleoihm02a1.o(i.BSP_L6470_2_0_Config) refers to xnucleoihm02a1.o(.data) for L6470DrvMtx
    xnucleoihm02a1.o(i.BSP_L6470_2_1_Config) refers to l6470.o(i.L6470_Config) for L6470_Config
    xnucleoihm02a1.o(i.BSP_L6470_2_1_Config) refers to xnucleoihm02a1.o(.data) for L6470DrvMtx
    xnucleoihm02a1.o(i.BSP_L6470_3_0_Config) refers to l6470.o(i.L6470_Config) for L6470_Config
    xnucleoihm02a1.o(i.BSP_L6470_3_0_Config) refers to xnucleoihm02a1.o(.data) for L6470DrvMtx
    xnucleoihm02a1.o(i.BSP_L6470_3_1_Config) refers to l6470.o(i.L6470_Config) for L6470_Config
    xnucleoihm02a1.o(i.BSP_L6470_3_1_Config) refers to xnucleoihm02a1.o(.data) for L6470DrvMtx
    xnucleoihm02a1.o(i.BSP_L6470_CheckStatusRegisterFlag) refers to xnucleoihm02a1.o(i.BSP_Select) for BSP_Select
    xnucleoihm02a1.o(i.BSP_L6470_CheckStatusRegisterFlag) refers to l6470.o(i.L6470_CheckStatusRegisterFlag) for L6470_CheckStatusRegisterFlag
    xnucleoihm02a1.o(i.BSP_L6470_GetParam) refers to xnucleoihm02a1.o(i.BSP_Select) for BSP_Select
    xnucleoihm02a1.o(i.BSP_L6470_GetParam) refers to l6470.o(i.L6470_GetParam) for L6470_GetParam
    xnucleoihm02a1.o(i.BSP_L6470_GetStatus) refers to xnucleoihm02a1.o(i.BSP_Select) for BSP_Select
    xnucleoihm02a1.o(i.BSP_L6470_GetStatus) refers to l6470.o(i.L6470_GetStatus) for L6470_GetStatus
    xnucleoihm02a1.o(i.BSP_L6470_GoHome) refers to xnucleoihm02a1.o(i.BSP_Select) for BSP_Select
    xnucleoihm02a1.o(i.BSP_L6470_GoHome) refers to l6470.o(i.L6470_GoHome) for L6470_GoHome
    xnucleoihm02a1.o(i.BSP_L6470_GoMark) refers to xnucleoihm02a1.o(i.BSP_Select) for BSP_Select
    xnucleoihm02a1.o(i.BSP_L6470_GoMark) refers to l6470.o(i.L6470_GoMark) for L6470_GoMark
    xnucleoihm02a1.o(i.BSP_L6470_GoTo) refers to xnucleoihm02a1.o(i.BSP_Select) for BSP_Select
    xnucleoihm02a1.o(i.BSP_L6470_GoTo) refers to l6470.o(i.L6470_GoTo) for L6470_GoTo
    xnucleoihm02a1.o(i.BSP_L6470_GoToDir) refers to xnucleoihm02a1.o(i.BSP_Select) for BSP_Select
    xnucleoihm02a1.o(i.BSP_L6470_GoToDir) refers to l6470.o(i.L6470_GoToDir) for L6470_GoToDir
    xnucleoihm02a1.o(i.BSP_L6470_GoUntil) refers to xnucleoihm02a1.o(i.BSP_Select) for BSP_Select
    xnucleoihm02a1.o(i.BSP_L6470_GoUntil) refers to l6470.o(i.L6470_GoUntil) for L6470_GoUntil
    xnucleoihm02a1.o(i.BSP_L6470_HardHiZ) refers to xnucleoihm02a1.o(i.BSP_Select) for BSP_Select
    xnucleoihm02a1.o(i.BSP_L6470_HardHiZ) refers to l6470.o(i.L6470_HardHiZ) for L6470_HardHiZ
    xnucleoihm02a1.o(i.BSP_L6470_HardStop) refers to xnucleoihm02a1.o(i.BSP_Select) for BSP_Select
    xnucleoihm02a1.o(i.BSP_L6470_HardStop) refers to l6470.o(i.L6470_HardStop) for L6470_HardStop
    xnucleoihm02a1.o(i.BSP_L6470_Init) refers to stm32f4xx_hal_gpio.o(i.HAL_GPIO_WritePin) for HAL_GPIO_WritePin
    xnucleoihm02a1.o(i.BSP_L6470_Init) refers to xnucleoihm02a1.o(i.EXPBRD_ID) for EXPBRD_ID
    xnucleoihm02a1.o(i.BSP_L6470_Init) refers to xnucleoihm02a1.o(i.BSP_Select) for BSP_Select
    xnucleoihm02a1.o(i.BSP_L6470_Init) refers to l6470.o(i.L6470_ID) for L6470_ID
    xnucleoihm02a1.o(i.BSP_L6470_Init) refers to l6470.o(i.L6470_ResetDevice) for L6470_ResetDevice
    xnucleoihm02a1.o(i.BSP_L6470_Init) refers to l6470.o(i.L6470_GetStatus) for L6470_GetStatus
    xnucleoihm02a1.o(i.BSP_L6470_Init) refers to xnucleoihm02a1.o(.data) for L6470_nSTBY_nRST_GPIO
    xnucleoihm02a1.o(i.BSP_L6470_Init) refers to xnucleoihm02a1.o(.bss) for L6470_nCS_GPIO
    xnucleoihm02a1.o(i.BSP_L6470_Move) refers to xnucleoihm02a1.o(i.BSP_Select) for BSP_Select
    xnucleoihm02a1.o(i.BSP_L6470_Move) refers to l6470.o(i.L6470_Move) for L6470_Move
    xnucleoihm02a1.o(i.BSP_L6470_PerformPreparedApplicationCommand) refers to xnucleoihm02a1.o(i.BSP_Select) for BSP_Select
    xnucleoihm02a1.o(i.BSP_L6470_PerformPreparedApplicationCommand) refers to l6470.o(i.L6470_PerformPreparedApplicationCommand) for L6470_PerformPreparedApplicationCommand
    xnucleoihm02a1.o(i.BSP_L6470_ReleaseSW) refers to xnucleoihm02a1.o(i.BSP_Select) for BSP_Select
    xnucleoihm02a1.o(i.BSP_L6470_ReleaseSW) refers to l6470.o(i.L6470_ReleaseSW) for L6470_ReleaseSW
    xnucleoihm02a1.o(i.BSP_L6470_ResetDevice) refers to xnucleoihm02a1.o(i.BSP_Select) for BSP_Select
    xnucleoihm02a1.o(i.BSP_L6470_ResetDevice) refers to l6470.o(i.L6470_ResetDevice) for L6470_ResetDevice
    xnucleoihm02a1.o(i.BSP_L6470_ResetPos) refers to xnucleoihm02a1.o(i.BSP_Select) for BSP_Select
    xnucleoihm02a1.o(i.BSP_L6470_ResetPos) refers to l6470.o(i.L6470_ResetPos) for L6470_ResetPos
    xnucleoihm02a1.o(i.BSP_L6470_Run) refers to xnucleoihm02a1.o(i.BSP_Select) for BSP_Select
    xnucleoihm02a1.o(i.BSP_L6470_Run) refers to l6470.o(i.L6470_Run) for L6470_Run
    xnucleoihm02a1.o(i.BSP_L6470_SetParam) refers to xnucleoihm02a1.o(i.BSP_Select) for BSP_Select
    xnucleoihm02a1.o(i.BSP_L6470_SetParam) refers to l6470.o(i.L6470_SetParam) for L6470_SetParam
    xnucleoihm02a1.o(i.BSP_L6470_SoftHiZ) refers to xnucleoihm02a1.o(i.BSP_Select) for BSP_Select
    xnucleoihm02a1.o(i.BSP_L6470_SoftHiZ) refers to l6470.o(i.L6470_SoftHiZ) for L6470_SoftHiZ
    xnucleoihm02a1.o(i.BSP_L6470_SoftStop) refers to xnucleoihm02a1.o(i.BSP_Select) for BSP_Select
    xnucleoihm02a1.o(i.BSP_L6470_SoftStop) refers to l6470.o(i.L6470_SoftStop) for L6470_SoftStop
    xnucleoihm02a1.o(i.BSP_L6470_StepClock) refers to xnucleoihm02a1.o(i.BSP_Select) for BSP_Select
    xnucleoihm02a1.o(i.BSP_L6470_StepClock) refers to l6470.o(i.L6470_StepClock) for L6470_StepClock
    xnucleoihm02a1.o(i.BSP_NUCLEO_GPIO_Init) refers to stm32f4xx_hal_gpio.o(i.HAL_GPIO_Init) for HAL_GPIO_Init
    xnucleoihm02a1.o(i.BSP_NUCLEO_GPIO_Init) refers to stm32f4xx_hal_cortex.o(i.HAL_NVIC_SetPriority) for HAL_NVIC_SetPriority
    xnucleoihm02a1.o(i.BSP_NUCLEO_GPIO_Init) refers to xnucleoihm02a1.o(i.EXPBRD_ID) for EXPBRD_ID
    xnucleoihm02a1.o(i.BSP_NUCLEO_GPIO_Init) refers to xnucleoihm02a1.o(.data) for L6470_nSTBY_nRST_GPIO
    xnucleoihm02a1.o(i.BSP_Select) refers to xnucleoihm02a1.o(.data) for L6470_nCS_GPIO_Array
    xnucleoihm02a1.o(i.BSP_Select) refers to xnucleoihm02a1.o(.bss) for L6470_nCS_GPIO
    xnucleoihm02a1.o(.data) refers to xnucleoihm02a1.o(i.BSP_L6470_SetParam) for BSP_L6470_SetParam
    xnucleoihm02a1.o(.data) refers to xnucleoihm02a1.o(i.BSP_L6470_GetParam) for BSP_L6470_GetParam
    xnucleoihm02a1.o(.data) refers to xnucleoihm02a1.o(i.BSP_L6470_Run) for BSP_L6470_Run
    xnucleoihm02a1.o(.data) refers to xnucleoihm02a1.o(i.BSP_L6470_StepClock) for BSP_L6470_StepClock
    xnucleoihm02a1.o(.data) refers to xnucleoihm02a1.o(i.BSP_L6470_Move) for BSP_L6470_Move
    xnucleoihm02a1.o(.data) refers to xnucleoihm02a1.o(i.BSP_L6470_GoTo) for BSP_L6470_GoTo
    xnucleoihm02a1.o(.data) refers to xnucleoihm02a1.o(i.BSP_L6470_GoToDir) for BSP_L6470_GoToDir
    xnucleoihm02a1.o(.data) refers to xnucleoihm02a1.o(i.BSP_L6470_GoUntil) for BSP_L6470_GoUntil
    xnucleoihm02a1.o(.data) refers to xnucleoihm02a1.o(i.BSP_L6470_ReleaseSW) for BSP_L6470_ReleaseSW
    xnucleoihm02a1.o(.data) refers to xnucleoihm02a1.o(i.BSP_L6470_GoHome) for BSP_L6470_GoHome
    xnucleoihm02a1.o(.data) refers to xnucleoihm02a1.o(i.BSP_L6470_GoMark) for BSP_L6470_GoMark
    xnucleoihm02a1.o(.data) refers to xnucleoihm02a1.o(i.BSP_L6470_ResetPos) for BSP_L6470_ResetPos
    xnucleoihm02a1.o(.data) refers to xnucleoihm02a1.o(i.BSP_L6470_ResetDevice) for BSP_L6470_ResetDevice
    xnucleoihm02a1.o(.data) refers to xnucleoihm02a1.o(i.BSP_L6470_SoftStop) for BSP_L6470_SoftStop
    xnucleoihm02a1.o(.data) refers to xnucleoihm02a1.o(i.BSP_L6470_HardStop) for BSP_L6470_HardStop
    xnucleoihm02a1.o(.data) refers to xnucleoihm02a1.o(i.BSP_L6470_SoftHiZ) for BSP_L6470_SoftHiZ
    xnucleoihm02a1.o(.data) refers to xnucleoihm02a1.o(i.BSP_L6470_HardHiZ) for BSP_L6470_HardHiZ
    xnucleoihm02a1.o(.data) refers to xnucleoihm02a1.o(i.BSP_L6470_GetStatus) for BSP_L6470_GetStatus
    xnucleoihm02a1.o(.data) refers to xnucleoihm02a1.o(i.BSP_L6470_CheckStatusRegisterFlag) for BSP_L6470_CheckStatusRegisterFlag
    xnucleoihm02a1.o(.data) refers to l6470.o(i.L6470_PerformPreparedApplicationCommand) for L6470_PerformPreparedApplicationCommand
    xnucleoihm02a1.o(.data) refers to xnucleoihm02a1.o(i.BSP_L6470_0_0_Config) for BSP_L6470_0_0_Config
    xnucleoihm02a1.o(.data) refers to l6470.o(.data) for L6470Command
    xnucleoihm02a1.o(.data) refers to xnucleoihm02a1.o(i.BSP_L6470_0_1_Config) for BSP_L6470_0_1_Config
    xnucleoihm02a1.o(.data) refers to xnucleoihm02a1.o(i.BSP_L6470_1_0_Config) for BSP_L6470_1_0_Config
    xnucleoihm02a1.o(.data) refers to xnucleoihm02a1.o(i.BSP_L6470_1_1_Config) for BSP_L6470_1_1_Config
    xnucleoihm02a1.o(.data) refers to xnucleoihm02a1.o(i.BSP_L6470_2_0_Config) for BSP_L6470_2_0_Config
    xnucleoihm02a1.o(.data) refers to xnucleoihm02a1.o(i.BSP_L6470_2_1_Config) for BSP_L6470_2_1_Config
    xnucleoihm02a1.o(.data) refers to xnucleoihm02a1.o(i.BSP_L6470_3_0_Config) for BSP_L6470_3_0_Config
    xnucleoihm02a1.o(.data) refers to xnucleoihm02a1.o(i.BSP_L6470_3_1_Config) for BSP_L6470_3_1_Config
    xnucleoihm02a1.o(.data) refers to xnucleoihm02a1.o(i.BSP_0_Config) for BSP_0_Config
    xnucleoihm02a1.o(.data) refers to xnucleoihm02a1.o(i.BSP_Select) for BSP_Select
    xnucleoihm02a1.o(.data) refers to xnucleoihm02a1.o(i.BSP_1_Config) for BSP_1_Config
    xnucleoihm02a1.o(.data) refers to xnucleoihm02a1.o(i.BSP_2_Config) for BSP_2_Config
    xnucleoihm02a1.o(.data) refers to xnucleoihm02a1.o(i.BSP_3_Config) for BSP_3_Config
    xnucleoihm02a1_interface.o(i.MX_ADC1_Init) refers to stm32f4xx_hal_adc.o(i.HAL_ADC_Init) for HAL_ADC_Init
    xnucleoihm02a1_interface.o(i.MX_ADC1_Init) refers to stm32f4xx_hal_adc.o(i.HAL_ADC_ConfigChannel) for HAL_ADC_ConfigChannel
    xnucleoihm02a1_interface.o(i.MX_ADC1_Init) refers to xnucleoihm02a1_interface.o(.bss) for hadc1
    xnucleoihm02a1_interface.o(i.MX_GPIO_Init) refers to stm32f4xx_nucleo.o(i.BSP_PB_Init) for BSP_PB_Init
    xnucleoihm02a1_interface.o(i.MX_GPIO_Init) refers to stm32f4xx_nucleo.o(i.BSP_LED_Init) for BSP_LED_Init
    xnucleoihm02a1_interface.o(i.MX_SPI1_Init) refers to stm32f4xx_hal_rcc.o(i.HAL_RCC_GetPCLK2Freq) for HAL_RCC_GetPCLK2Freq
    xnucleoihm02a1_interface.o(i.MX_SPI1_Init) refers to stm32f4xx_hal_spi.o(i.HAL_SPI_Init) for HAL_SPI_Init
    xnucleoihm02a1_interface.o(i.MX_SPI1_Init) refers to xnucleoihm02a1_interface.o(.bss) for hspi1
    xnucleoihm02a1_interface.o(i.MX_SPI2_Init) refers to stm32f4xx_hal_rcc.o(i.HAL_RCC_GetPCLK1Freq) for HAL_RCC_GetPCLK1Freq
    xnucleoihm02a1_interface.o(i.MX_SPI2_Init) refers to stm32f4xx_hal_spi.o(i.HAL_SPI_Init) for HAL_SPI_Init
    xnucleoihm02a1_interface.o(i.MX_SPI2_Init) refers to xnucleoihm02a1_interface.o(.bss) for hspi2
    xnucleoihm02a1_interface.o(i.MX_SPI_Init) refers to xnucleoihm02a1_interface.o(i.MX_SPI1_Init) for MX_SPI1_Init
    xnucleoihm02a1_interface.o(i.MX_USART2_Init) refers to stm32f4xx_hal_uart.o(i.HAL_UART_Init) for HAL_UART_Init
    xnucleoihm02a1_interface.o(i.MX_USART2_Init) refers to example_usart.o(.bss) for huart2
    xnucleoihm02a1_interface.o(i.NUCLEO_Board_Init) refers to stm32f4xx_hal.o(i.HAL_Init) for HAL_Init
    xnucleoihm02a1_interface.o(i.NUCLEO_Board_Init) refers to xnucleoihm02a1_interface.o(i.SystemClock_Config) for SystemClock_Config
    xnucleoihm02a1_interface.o(i.NUCLEO_Board_Init) refers to xnucleoihm02a1_interface.o(i.MX_GPIO_Init) for MX_GPIO_Init
    xnucleoihm02a1_interface.o(i.NUCLEO_Board_Init) refers to xnucleoihm02a1_interface.o(i.MX_SPI_Init) for MX_SPI_Init
    xnucleoihm02a1_interface.o(i.NUCLEO_Board_Init) refers to xnucleoihm02a1_interface.o(i.MX_USART2_Init) for MX_USART2_Init
    xnucleoihm02a1_interface.o(i.NUCLEO_Board_Init) refers to xnucleoihm02a1_interface.o(i.User_LED_Blinking) for User_LED_Blinking
    xnucleoihm02a1_interface.o(i.NUCLEO_Board_Init) refers to xnucleoihm02a1_interface.o(i.MX_ADC1_Init) for MX_ADC1_Init
    xnucleoihm02a1_interface.o(i.SystemClock_Config) refers to stm32f4xx_hal_rcc.o(i.HAL_RCC_OscConfig) for HAL_RCC_OscConfig
    xnucleoihm02a1_interface.o(i.SystemClock_Config) refers to stm32f4xx_hal_rcc.o(i.HAL_RCC_ClockConfig) for HAL_RCC_ClockConfig
    xnucleoihm02a1_interface.o(i.User_LED_Blinking) refers to stm32f4xx_nucleo.o(i.BSP_LED_On) for BSP_LED_On
    xnucleoihm02a1_interface.o(i.User_LED_Blinking) refers to stm32f4xx_hal.o(i.HAL_Delay) for HAL_Delay
    xnucleoihm02a1_interface.o(i.User_LED_Blinking) refers to stm32f4xx_nucleo.o(i.BSP_LED_Off) for BSP_LED_Off
    stm32f4xx_hal_msp.o(i.HAL_ADC_MspDeInit) refers to stm32f4xx_hal_gpio.o(i.HAL_GPIO_DeInit) for HAL_GPIO_DeInit
    stm32f4xx_hal_msp.o(i.HAL_ADC_MspInit) refers to stm32f4xx_hal_gpio.o(i.HAL_GPIO_Init) for HAL_GPIO_Init
    stm32f4xx_hal_msp.o(i.HAL_MspInit) refers to stm32f4xx_hal_cortex.o(i.HAL_NVIC_SetPriorityGrouping) for HAL_NVIC_SetPriorityGrouping
    stm32f4xx_hal_msp.o(i.HAL_MspInit) refers to stm32f4xx_hal_cortex.o(i.HAL_NVIC_SetPriority) for HAL_NVIC_SetPriority
    stm32f4xx_hal_msp.o(i.HAL_SPI_MspDeInit) refers to stm32f4xx_hal_gpio.o(i.HAL_GPIO_DeInit) for HAL_GPIO_DeInit
    stm32f4xx_hal_msp.o(i.HAL_SPI_MspInit) refers to stm32f4xx_hal_gpio.o(i.HAL_GPIO_Init) for HAL_GPIO_Init
    stm32f4xx_hal_msp.o(i.HAL_UART_MspDeInit) refers to stm32f4xx_hal_gpio.o(i.HAL_GPIO_DeInit) for HAL_GPIO_DeInit
    stm32f4xx_hal_msp.o(i.HAL_UART_MspDeInit) refers to stm32f4xx_hal_cortex.o(i.HAL_NVIC_DisableIRQ) for HAL_NVIC_DisableIRQ
    stm32f4xx_hal_msp.o(i.HAL_UART_MspInit) refers to stm32f4xx_hal_gpio.o(i.HAL_GPIO_Init) for HAL_GPIO_Init
    stm32f4xx_hal_msp.o(i.HAL_UART_MspInit) refers to stm32f4xx_hal_cortex.o(i.HAL_NVIC_SetPriority) for HAL_NVIC_SetPriority
    stm32f4xx_hal_msp.o(i.HAL_UART_MspInit) refers to stm32f4xx_hal_cortex.o(i.HAL_NVIC_EnableIRQ) for HAL_NVIC_EnableIRQ
    stm32f4xx_it.o(i.EXTI0_IRQHandler) refers to xnucleoihm02a1.o(i.BSP_L6470_BusySynchEventManager) for BSP_L6470_BusySynchEventManager
    stm32f4xx_it.o(i.EXTI15_10_IRQHandler) refers to main.o(i.HAL_GPIO_EXTI_Callback) for HAL_GPIO_EXTI_Callback
    stm32f4xx_it.o(i.EXTI1_IRQHandler) refers to main.o(i.HAL_GPIO_EXTI_Callback) for HAL_GPIO_EXTI_Callback
    stm32f4xx_it.o(i.EXTI4_IRQHandler) refers to main.o(i.HAL_GPIO_EXTI_Callback) for HAL_GPIO_EXTI_Callback
    stm32f4xx_it.o(i.EXTI9_5_IRQHandler) refers to main.o(i.HAL_GPIO_EXTI_Callback) for HAL_GPIO_EXTI_Callback
    stm32f4xx_it.o(i.SysTick_Handler) refers to stm32f4xx_hal.o(i.HAL_IncTick) for HAL_IncTick
    stm32f4xx_it.o(i.SysTick_Handler) refers to stm32f4xx_hal_cortex.o(i.HAL_SYSTICK_IRQHandler) for HAL_SYSTICK_IRQHandler
    stm32f4xx_it.o(i.USART2_IRQHandler) refers to stm32f4xx_hal_uart.o(i.HAL_UART_IRQHandler) for HAL_UART_IRQHandler
    stm32f4xx_it.o(i.USART2_IRQHandler) refers to example_usart.o(i.USART_ITCharManager) for USART_ITCharManager
    stm32f4xx_it.o(i.USART2_IRQHandler) refers to example_usart.o(.bss) for huart2
    example_usart.o(i.Fill_L6470_DaisyChainMnemonic) refers to example_usart.o(.bss) for L6470_DaisyChainMnemonic
    example_usart.o(i.Motor_Param_Reg_Init) refers to example_usart.o(i.USART_Transmit) for USART_Transmit
    example_usart.o(i.Motor_Param_Reg_Init) refers to example_usart.o(i.USART_PrintAllRegisterValues) for USART_PrintAllRegisterValues
    example_usart.o(i.Motor_Param_Reg_Init) refers to params.o(i.GetMotorParameterInitData) for GetMotorParameterInitData
    example_usart.o(i.Motor_Param_Reg_Init) refers to xnucleoihm02a1.o(i.EXPBRD_ID) for EXPBRD_ID
    example_usart.o(i.Motor_Param_Reg_Init) refers to xnucleoihm02a1.o(i.BSP_GetExpansionBoardHandle) for BSP_GetExpansionBoardHandle
    example_usart.o(i.Motor_Param_Reg_Init) refers to example_usart.o(.bss) for huart2
    example_usart.o(i.USART_CheckAppCmd) refers to example_usart.o(i.USART_DecodeTextString) for USART_DecodeTextString
    example_usart.o(i.USART_CheckAppCmd) refers to stm32f4xx_hal_uart.o(i.HAL_UART_Receive_IT) for HAL_UART_Receive_IT
    example_usart.o(i.USART_CheckAppCmd) refers to example_usart.o(.bss) for huart2
    example_usart.o(i.USART_CheckAppCmd) refers to l6470.o(.data) for L6470_DaisyChainSpiRxStruct
    example_usart.o(i.USART_CheckTextCommandBundle) refers to example_usart.o(i.USART_Transmit) for USART_Transmit
    example_usart.o(i.USART_CheckTextCommandBundle) refers to example_usart.o(i.CompareTwoTextString) for CompareTwoTextString
    example_usart.o(i.USART_CheckTextCommandBundle) refers to l6470.o(i.L6470_ID) for L6470_ID
    example_usart.o(i.USART_CheckTextCommandBundle) refers to example_usart.o(i.str2num) for str2num
    example_usart.o(i.USART_CheckTextCommandBundle) refers to example_usart.o(.bss) for huart2
    example_usart.o(i.USART_CheckTextCommandBundle) refers to example_usart.o(.conststring) for .conststring
    example_usart.o(i.USART_CheckTextCommandBundle) refers to l6470.o(.constdata) for L6470_ApplicationCommand
    example_usart.o(i.USART_DecodeTextString) refers to example_usart.o(i.USART_SplitTextString) for USART_SplitTextString
    example_usart.o(i.USART_DecodeTextString) refers to example_usart.o(i.USART_CheckTextCommandBundle) for USART_CheckTextCommandBundle
    example_usart.o(i.USART_DecodeTextString) refers to example_usart.o(i.USART_Transmit) for USART_Transmit
    example_usart.o(i.USART_DecodeTextString) refers to l6470.o(i.L6470_DaisyChainCommand) for L6470_DaisyChainCommand
    example_usart.o(i.USART_DecodeTextString) refers to l6470.o(i.L6470_ExtractReturnedData) for L6470_ExtractReturnedData
    example_usart.o(i.USART_DecodeTextString) refers to example_usart.o(i.num2hex) for num2hex
    example_usart.o(i.USART_DecodeTextString) refers to example_usart.o(.bss) for huart2
    example_usart.o(i.USART_DecodeTextString) refers to example_usart.o(.data) for ReceivedValue
    example_usart.o(i.USART_DecodeTextString) refers to l6470.o(.constdata) for L6470_Register
    example_usart.o(i.USART_ITCharManager) refers to example_usart.o(i.USART_Transmit) for USART_Transmit
    example_usart.o(i.USART_PrintAllRegisterValues) refers to xnucleoihm02a1.o(i.EXPBRD_ID) for EXPBRD_ID
    example_usart.o(i.USART_PrintAllRegisterValues) refers to l6470.o(i.L6470_ID) for L6470_ID
    example_usart.o(i.USART_PrintAllRegisterValues) refers to example_usart.o(i.USART_PrintRegisterValues) for USART_PrintRegisterValues
    example_usart.o(i.USART_PrintRegisterValues) refers to xnucleoihm02a1.o(i.BSP_Select) for BSP_Select
    example_usart.o(i.USART_PrintRegisterValues) refers to example_usart.o(i.USART_Transmit) for USART_Transmit
    example_usart.o(i.USART_PrintRegisterValues) refers to example_usart.o(i.num2hex) for num2hex
    example_usart.o(i.USART_PrintRegisterValues) refers to l6470.o(i.L6470_GetParam) for L6470_GetParam
    example_usart.o(i.USART_PrintRegisterValues) refers to l6470.o(i.L6470_GetRegisterName) for L6470_GetRegisterName
    example_usart.o(i.USART_PrintRegisterValues) refers to example_usart.o(.bss) for huart2
    example_usart.o(i.USART_SplitTextString) refers to example_usart.o(i.USART_Transmit) for USART_Transmit
    example_usart.o(i.USART_SplitTextString) refers to example_usart.o(.bss) for huart2
    example_usart.o(i.USART_Transmit) refers to stm32f4xx_hal_uart.o(i.HAL_UART_Transmit) for HAL_UART_Transmit
    example_usart.o(i.USART_TxWelcomeMessage) refers to example_usart.o(i.USART_Transmit) for USART_Transmit
    example_usart.o(i.USART_TxWelcomeMessage) refers to example_usart.o(.bss) for huart2
    example_usart.o(i.num2hex) refers to example_usart.o(.bss) for HexValue
    example.o(i.MicrosteppingMotor_Example_01) refers to example_usart.o(i.USART_Transmit) for USART_Transmit
    example.o(i.MicrosteppingMotor_Example_01) refers to example_usart.o(i.USART_PrintAllRegisterValues) for USART_PrintAllRegisterValues
    example.o(i.MicrosteppingMotor_Example_01) refers to params.o(i.GetMotorParameterInitData) for GetMotorParameterInitData
    example.o(i.MicrosteppingMotor_Example_01) refers to xnucleoihm02a1.o(i.EXPBRD_ID) for EXPBRD_ID
    example.o(i.MicrosteppingMotor_Example_01) refers to xnucleoihm02a1.o(i.BSP_GetExpansionBoardHandle) for BSP_GetExpansionBoardHandle
    example.o(i.MicrosteppingMotor_Example_01) refers to l6470.o(i.L6470_ID) for L6470_ID
    example.o(i.MicrosteppingMotor_Example_01) refers to example.o(i.pow) for pow
    example.o(i.MicrosteppingMotor_Example_01) refers to stm32f4xx_hal.o(i.HAL_Delay) for HAL_Delay
    example.o(i.MicrosteppingMotor_Example_01) refers to l6470.o(i.Step_s_2_Speed) for Step_s_2_Speed
    example.o(i.MicrosteppingMotor_Example_01) refers to stm32f4xx_nucleo.o(i.BSP_LED_On) for BSP_LED_On
    example.o(i.MicrosteppingMotor_Example_01) refers to example_usart.o(.bss) for huart2
    main.o(i.Error_Handler) refers to stm32f4xx_nucleo.o(i.BSP_LED_On) for BSP_LED_On
    main.o(i.HAL_GPIO_EXTI_Callback) refers to xnucleoihm02a1.o(i.BSP_EmergencyStop) for BSP_EmergencyStop
    main.o(i.HAL_GPIO_EXTI_Callback) refers to main.o(.data) for xPosition
    main.o(i.Read_ADC) refers to stm32f4xx_hal_adc.o(i.HAL_ADC_Start) for HAL_ADC_Start
    main.o(i.Read_ADC) refers to stm32f4xx_hal_adc.o(i.HAL_ADC_PollForConversion) for HAL_ADC_PollForConversion
    main.o(i.Read_ADC) refers to stm32f4xx_hal_adc.o(i.HAL_ADC_GetValue) for HAL_ADC_GetValue
    main.o(i.Read_ADC) refers to xnucleoihm02a1_interface.o(.bss) for hadc1
    main.o(i.main) refers to xnucleoihm02a1_interface.o(i.NUCLEO_Board_Init) for NUCLEO_Board_Init
    main.o(i.main) refers to xnucleoihm02a1.o(i.BSP_Init) for BSP_Init
    main.o(i.main) refers to main.o(i.setupMotors) for setupMotors
    main.o(i.main) refers to example_usart.o(i.USART_TxWelcomeMessage) for USART_TxWelcomeMessage
    main.o(i.setupMotors) refers to example_usart.o(i.Motor_Param_Reg_Init) for Motor_Param_Reg_Init
    main.o(i.setupMotors) refers to params.o(i.GetMotorParameterInitData) for GetMotorParameterInitData
    main.o(i.setupMotors) refers to xnucleoihm02a1.o(i.EXPBRD_ID) for EXPBRD_ID
    main.o(i.setupMotors) refers to xnucleoihm02a1.o(i.BSP_GetExpansionBoardHandle) for BSP_GetExpansionBoardHandle
    main.o(i.setupMotors) refers to main.o(.data) for MotorParameterDataGlobal
    params.o(i.GetMotorParameterInitData) refers to params.o(.constdata) for MotorParameterInitData
    system_stm32f4xx.o(i.SystemCoreClockUpdate) refers to system_stm32f4xx.o(.data) for SystemCoreClock
    system_stm32f4xx.o(i.SystemCoreClockUpdate) refers to system_stm32f4xx.o(.constdata) for AHBPrescTable
    startup_stm32f401xe.o(RESET) refers to startup_stm32f401xe.o(STACK) for __initial_sp
    startup_stm32f401xe.o(RESET) refers to startup_stm32f401xe.o(.text) for Reset_Handler
    startup_stm32f401xe.o(RESET) refers to stm32f4xx_it.o(i.SysTick_Handler) for SysTick_Handler
    startup_stm32f401xe.o(RESET) refers to stm32f4xx_it.o(i.EXTI0_IRQHandler) for EXTI0_IRQHandler
    startup_stm32f401xe.o(RESET) refers to stm32f4xx_it.o(i.EXTI1_IRQHandler) for EXTI1_IRQHandler
    startup_stm32f401xe.o(RESET) refers to stm32f4xx_it.o(i.EXTI4_IRQHandler) for EXTI4_IRQHandler
    startup_stm32f401xe.o(RESET) refers to stm32f4xx_it.o(i.EXTI9_5_IRQHandler) for EXTI9_5_IRQHandler
    startup_stm32f401xe.o(RESET) refers to stm32f4xx_it.o(i.USART2_IRQHandler) for USART2_IRQHandler
    startup_stm32f401xe.o(RESET) refers to stm32f4xx_it.o(i.EXTI15_10_IRQHandler) for EXTI15_10_IRQHandler
    startup_stm32f401xe.o(.text) refers to system_stm32f4xx.o(i.SystemInit) for SystemInit
    startup_stm32f401xe.o(.text) refers to entry.o(.ARM.Collect$$$$00000000) for __main
    entry.o(.ARM.Collect$$$$00000000) refers (Special) to entry10a.o(.ARM.Collect$$$$0000000D) for __rt_final_cpp
    entry.o(.ARM.Collect$$$$00000000) refers (Special) to entry11a.o(.ARM.Collect$$$$0000000F) for __rt_final_exit
    entry.o(.ARM.Collect$$$$00000000) refers (Special) to entry7b.o(.ARM.Collect$$$$00000008) for _main_clock
    entry.o(.ARM.Collect$$$$00000000) refers (Special) to entry8b.o(.ARM.Collect$$$$0000000A) for _main_cpp_init
    entry.o(.ARM.Collect$$$$00000000) refers (Special) to entry9a.o(.ARM.Collect$$$$0000000B) for _main_init
    entry.o(.ARM.Collect$$$$00000000) refers (Special) to entry5.o(.ARM.Collect$$$$00000004) for _main_scatterload
    entry.o(.ARM.Collect$$$$00000000) refers (Special) to entry2.o(.ARM.Collect$$$$00000001) for _main_stk
    dadd.o(.text) refers (Special) to iusefp.o(.text) for __I$use$fp
    dadd.o(.text) refers to llshl.o(.text) for __aeabi_llsl
    dadd.o(.text) refers to llsshr.o(.text) for __aeabi_lasr
    dadd.o(.text) refers to depilogue.o(.text) for _double_epilogue
    dmul.o(.text) refers (Special) to iusefp.o(.text) for __I$use$fp
    dmul.o(.text) refers to depilogue.o(.text) for _double_epilogue
    dfltui.o(.text) refers (Special) to iusefp.o(.text) for __I$use$fp
    dfltui.o(.text) refers to depilogue.o(.text) for _double_epilogue
    f2d.o(.text) refers (Special) to iusefp.o(.text) for __I$use$fp
    cdcmple.o(.text) refers (Special) to iusefp.o(.text) for __I$use$fp
    d2f.o(.text) refers (Special) to iusefp.o(.text) for __I$use$fp
    d2f.o(.text) refers to fepilogue.o(.text) for _float_round
    entry2.o(.ARM.Collect$$$$00000001) refers to entry2.o(.ARM.Collect$$$$00002712) for __lit__00000000
    entry2.o(.ARM.Collect$$$$00002712) refers to startup_stm32f401xe.o(STACK) for __initial_sp
    entry2.o(__vectab_stack_and_reset_area) refers to startup_stm32f401xe.o(STACK) for __initial_sp
    entry2.o(__vectab_stack_and_reset_area) refers to entry.o(.ARM.Collect$$$$00000000) for __main
    entry5.o(.ARM.Collect$$$$00000004) refers to init.o(.text) for __scatterload
    entry9a.o(.ARM.Collect$$$$0000000B) refers to main.o(i.main) for main
    entry9b.o(.ARM.Collect$$$$0000000C) refers to main.o(i.main) for main
    depilogue.o(.text) refers to llshl.o(.text) for __aeabi_llsl
    depilogue.o(.text) refers to llushr.o(.text) for __aeabi_llsr
    init.o(.text) refers to entry5.o(.ARM.Collect$$$$00000004) for __main_after_scatterload


==============================================================================

Removing Unused input sections from the image.

    Removing l6470.o(.rev16_text), (4 bytes).
    Removing l6470.o(.revsh_text), (4 bytes).
    Removing l6470.o(.rrx_text), (6 bytes).
    Removing l6470.o(i.AbsPos_2_Position), (18 bytes).
    Removing l6470.o(i.Acc_2_Step_s2), (40 bytes).
    Removing l6470.o(i.Dec_2_Step_s2), (40 bytes).
    Removing l6470.o(i.FnSlpAcc_2_s_Step), (24 bytes).
    Removing l6470.o(i.FnSlpDec_2_s_Step), (24 bytes).
    Removing l6470.o(i.FsSpd_2_Step_s), (96 bytes).
    Removing l6470.o(i.IntSpeed_2_Step_s), (40 bytes).
    Removing l6470.o(i.MaxSpeed_2_Step_s), (40 bytes).
    Removing l6470.o(i.MinSpeed_2_Step_s), (40 bytes).
    Removing l6470.o(i.OcdTh_2_mA), (40 bytes).
    Removing l6470.o(i.Position_2_AbsPos), (38 bytes).
    Removing l6470.o(i.Speed_2_Step_s), (24 bytes).
    Removing l6470.o(i.StSlp_2_s_Step), (24 bytes).
    Removing l6470.o(i.StallTh_2_mA), (40 bytes).
    Removing l6470.o(i.Step_s_2_Speed), (44 bytes).
    Removing stm32f4xx_hal_rcc.o(.rev16_text), (4 bytes).
    Removing stm32f4xx_hal_rcc.o(.revsh_text), (4 bytes).
    Removing stm32f4xx_hal_rcc.o(.rrx_text), (6 bytes).
    Removing stm32f4xx_hal_rcc.o(i.HAL_RCC_CSSCallback), (2 bytes).
    Removing stm32f4xx_hal_rcc.o(i.HAL_RCC_DeInit), (2 bytes).
    Removing stm32f4xx_hal_rcc.o(i.HAL_RCC_DisableCSS), (12 bytes).
    Removing stm32f4xx_hal_rcc.o(i.HAL_RCC_EnableCSS), (12 bytes).
    Removing stm32f4xx_hal_rcc.o(i.HAL_RCC_GetClockConfig), (68 bytes).
    Removing stm32f4xx_hal_rcc.o(i.HAL_RCC_GetOscConfig), (292 bytes).
    Removing stm32f4xx_hal_rcc.o(i.HAL_RCC_MCOConfig), (364 bytes).
    Removing stm32f4xx_hal_rcc.o(i.HAL_RCC_NMI_IRQHandler), (32 bytes).
    Removing stm32f4xx_hal.o(.rev16_text), (4 bytes).
    Removing stm32f4xx_hal.o(.revsh_text), (4 bytes).
    Removing stm32f4xx_hal.o(.rrx_text), (6 bytes).
    Removing stm32f4xx_hal.o(i.HAL_DBGMCU_DisableDBGSleepMode), (20 bytes).
    Removing stm32f4xx_hal.o(i.HAL_DBGMCU_DisableDBGStandbyMode), (20 bytes).
    Removing stm32f4xx_hal.o(i.HAL_DBGMCU_DisableDBGStopMode), (20 bytes).
    Removing stm32f4xx_hal.o(i.HAL_DBGMCU_EnableDBGSleepMode), (20 bytes).
    Removing stm32f4xx_hal.o(i.HAL_DBGMCU_EnableDBGStandbyMode), (20 bytes).
    Removing stm32f4xx_hal.o(i.HAL_DBGMCU_EnableDBGStopMode), (20 bytes).
    Removing stm32f4xx_hal.o(i.HAL_DeInit), (68 bytes).
    Removing stm32f4xx_hal.o(i.HAL_DisableCompensationCell), (28 bytes).
    Removing stm32f4xx_hal.o(i.HAL_EnableCompensationCell), (28 bytes).
    Removing stm32f4xx_hal.o(i.HAL_GetDEVID), (16 bytes).
    Removing stm32f4xx_hal.o(i.HAL_GetHalVersion), (8 bytes).
    Removing stm32f4xx_hal.o(i.HAL_GetREVID), (12 bytes).
    Removing stm32f4xx_hal.o(i.HAL_MspDeInit), (2 bytes).
    Removing stm32f4xx_hal.o(i.HAL_MspInit), (2 bytes).
    Removing stm32f4xx_hal.o(i.HAL_ResumeTick), (18 bytes).
    Removing stm32f4xx_hal.o(i.HAL_SuspendTick), (18 bytes).
    Removing stm32f4xx_hal_adc_ex.o(.rev16_text), (4 bytes).
    Removing stm32f4xx_hal_adc_ex.o(.revsh_text), (4 bytes).
    Removing stm32f4xx_hal_adc_ex.o(.rrx_text), (6 bytes).
    Removing stm32f4xx_hal_adc_ex.o(i.ADC_MultiModeDMAConvCplt), (36 bytes).
    Removing stm32f4xx_hal_adc_ex.o(i.ADC_MultiModeDMAError), (28 bytes).
    Removing stm32f4xx_hal_adc_ex.o(i.ADC_MultiModeDMAHalfConvCplt), (14 bytes).
    Removing stm32f4xx_hal_adc_ex.o(i.HAL_ADCEx_InjectedConfigChannel), (1048 bytes).
    Removing stm32f4xx_hal_adc_ex.o(i.HAL_ADCEx_InjectedConvCpltCallback), (2 bytes).
    Removing stm32f4xx_hal_adc_ex.o(i.HAL_ADCEx_InjectedGetValue), (156 bytes).
    Removing stm32f4xx_hal_adc_ex.o(i.HAL_ADCEx_InjectedPollForConversion), (90 bytes).
    Removing stm32f4xx_hal_adc_ex.o(i.HAL_ADCEx_InjectedStart), (248 bytes).
    Removing stm32f4xx_hal_adc_ex.o(i.HAL_ADCEx_InjectedStart_IT), (276 bytes).
    Removing stm32f4xx_hal_adc_ex.o(i.HAL_ADCEx_InjectedStop), (24 bytes).
    Removing stm32f4xx_hal_adc_ex.o(i.HAL_ADCEx_InjectedStop_IT), (48 bytes).
    Removing stm32f4xx_hal_adc_ex.o(i.HAL_ADCEx_MultiModeConfigChannel), (468 bytes).
    Removing stm32f4xx_hal_adc_ex.o(i.HAL_ADCEx_MultiModeGetValue), (12 bytes).
    Removing stm32f4xx_hal_adc_ex.o(i.HAL_ADCEx_MultiModeStart_DMA), (384 bytes).
    Removing stm32f4xx_hal_adc_ex.o(i.HAL_ADCEx_MultiModeStop_DMA), (92 bytes).
    Removing stm32f4xx_hal_cortex.o(.rev16_text), (4 bytes).
    Removing stm32f4xx_hal_cortex.o(.revsh_text), (4 bytes).
    Removing stm32f4xx_hal_cortex.o(.rrx_text), (6 bytes).
    Removing stm32f4xx_hal_cortex.o(i.HAL_MPU_ConfigRegion), (608 bytes).
    Removing stm32f4xx_hal_cortex.o(i.HAL_NVIC_ClearPendingIRQ), (112 bytes).
    Removing stm32f4xx_hal_cortex.o(i.HAL_NVIC_GetActive), (120 bytes).
    Removing stm32f4xx_hal_cortex.o(i.HAL_NVIC_GetPendingIRQ), (120 bytes).
    Removing stm32f4xx_hal_cortex.o(i.HAL_NVIC_GetPriority), (248 bytes).
    Removing stm32f4xx_hal_cortex.o(i.HAL_NVIC_GetPriorityGrouping), (8 bytes).
    Removing stm32f4xx_hal_cortex.o(i.HAL_NVIC_SetPendingIRQ), (112 bytes).
    Removing stm32f4xx_hal_cortex.o(i.HAL_NVIC_SystemReset), (68 bytes).
    Removing stm32f4xx_hal_cortex.o(i.HAL_SYSTICK_CLKSourceConfig), (128 bytes).
    Removing stm32f4xx_hal_adc.o(.rev16_text), (4 bytes).
    Removing stm32f4xx_hal_adc.o(.revsh_text), (4 bytes).
    Removing stm32f4xx_hal_adc.o(.rrx_text), (6 bytes).
    Removing stm32f4xx_hal_adc.o(i.ADC_DMAConvCplt), (36 bytes).
    Removing stm32f4xx_hal_adc.o(i.ADC_DMAError), (28 bytes).
    Removing stm32f4xx_hal_adc.o(i.ADC_DMAHalfConvCplt), (14 bytes).
    Removing stm32f4xx_hal_adc.o(i.HAL_ADC_AnalogWDGConfig), (444 bytes).
    Removing stm32f4xx_hal_adc.o(i.HAL_ADC_ConvCpltCallback), (2 bytes).
    Removing stm32f4xx_hal_adc.o(i.HAL_ADC_ConvHalfCpltCallback), (2 bytes).
    Removing stm32f4xx_hal_adc.o(i.HAL_ADC_DeInit), (120 bytes).
    Removing stm32f4xx_hal_adc.o(i.HAL_ADC_ErrorCallback), (2 bytes).
    Removing stm32f4xx_hal_adc.o(i.HAL_ADC_GetError), (6 bytes).
    Removing stm32f4xx_hal_adc.o(i.HAL_ADC_GetState), (8 bytes).
    Removing stm32f4xx_hal_adc.o(i.HAL_ADC_GetValue), (8 bytes).
    Removing stm32f4xx_hal_adc.o(i.HAL_ADC_IRQHandler), (480 bytes).
    Removing stm32f4xx_hal_adc.o(i.HAL_ADC_LevelOutOfWindowCallback), (2 bytes).
    Removing stm32f4xx_hal_adc.o(i.HAL_ADC_MspDeInit), (2 bytes).
    Removing stm32f4xx_hal_adc.o(i.HAL_ADC_MspInit), (2 bytes).
    Removing stm32f4xx_hal_adc.o(i.HAL_ADC_PollForConversion), (130 bytes).
    Removing stm32f4xx_hal_adc.o(i.HAL_ADC_PollForEvent), (184 bytes).
    Removing stm32f4xx_hal_adc.o(i.HAL_ADC_Start), (320 bytes).
    Removing stm32f4xx_hal_adc.o(i.HAL_ADC_Start_DMA), (328 bytes).
    Removing stm32f4xx_hal_adc.o(i.HAL_ADC_Start_IT), (348 bytes).
    Removing stm32f4xx_hal_adc.o(i.HAL_ADC_Stop), (24 bytes).
    Removing stm32f4xx_hal_adc.o(i.HAL_ADC_Stop_DMA), (56 bytes).
    Removing stm32f4xx_hal_adc.o(i.HAL_ADC_Stop_IT), (48 bytes).
    Removing stm32f4xx_hal_gpio.o(.rev16_text), (4 bytes).
    Removing stm32f4xx_hal_gpio.o(.revsh_text), (4 bytes).
    Removing stm32f4xx_hal_gpio.o(.rrx_text), (6 bytes).
    Removing stm32f4xx_hal_gpio.o(i.HAL_GPIO_DeInit), (408 bytes).
    Removing stm32f4xx_hal_gpio.o(i.HAL_GPIO_EXTI_Callback), (2 bytes).
    Removing stm32f4xx_hal_gpio.o(i.HAL_GPIO_EXTI_IRQHandler), (28 bytes).
    Removing stm32f4xx_hal_gpio.o(i.HAL_GPIO_LockPin), (124 bytes).
    Removing stm32f4xx_hal_gpio.o(i.HAL_GPIO_ReadPin), (100 bytes).
    Removing stm32f4xx_hal_gpio.o(i.HAL_GPIO_TogglePin), (92 bytes).
    Removing stm32f4xx_hal_dma.o(.rev16_text), (4 bytes).
    Removing stm32f4xx_hal_dma.o(.revsh_text), (4 bytes).
    Removing stm32f4xx_hal_dma.o(.rrx_text), (6 bytes).
    Removing stm32f4xx_hal_dma.o(i.DMA_CalcBaseAndBitshift), (52 bytes).
    Removing stm32f4xx_hal_dma.o(i.DMA_SetConfig), (44 bytes).
    Removing stm32f4xx_hal_dma.o(i.HAL_DMA_Abort), (94 bytes).
    Removing stm32f4xx_hal_dma.o(i.HAL_DMA_DeInit), (100 bytes).
    Removing stm32f4xx_hal_dma.o(i.HAL_DMA_GetError), (6 bytes).
    Removing stm32f4xx_hal_dma.o(i.HAL_DMA_GetState), (8 bytes).
    Removing stm32f4xx_hal_dma.o(i.HAL_DMA_IRQHandler), (536 bytes).
    Removing stm32f4xx_hal_dma.o(i.HAL_DMA_Init), (760 bytes).
    Removing stm32f4xx_hal_dma.o(i.HAL_DMA_PollForTransfer), (404 bytes).
    Removing stm32f4xx_hal_dma.o(i.HAL_DMA_Start), (164 bytes).
    Removing stm32f4xx_hal_dma.o(i.HAL_DMA_Start_IT), (188 bytes).
    Removing stm32f4xx_hal_dma.o(.constdata), (8 bytes).
    Removing stm32f4xx_hal_spi.o(.rev16_text), (4 bytes).
    Removing stm32f4xx_hal_spi.o(.revsh_text), (4 bytes).
    Removing stm32f4xx_hal_spi.o(.rrx_text), (6 bytes).
    Removing stm32f4xx_hal_spi.o(i.HAL_SPI_DMAPause), (62 bytes).
    Removing stm32f4xx_hal_spi.o(i.HAL_SPI_DMAResume), (62 bytes).
    Removing stm32f4xx_hal_spi.o(i.HAL_SPI_DMAStop), (58 bytes).
    Removing stm32f4xx_hal_spi.o(i.HAL_SPI_DeInit), (48 bytes).
    Removing stm32f4xx_hal_spi.o(i.HAL_SPI_ErrorCallback), (2 bytes).
    Removing stm32f4xx_hal_spi.o(i.HAL_SPI_GetError), (6 bytes).
    Removing stm32f4xx_hal_spi.o(i.HAL_SPI_GetState), (8 bytes).
    Removing stm32f4xx_hal_spi.o(i.HAL_SPI_IRQHandler), (250 bytes).
    Removing stm32f4xx_hal_spi.o(i.HAL_SPI_MspDeInit), (2 bytes).
    Removing stm32f4xx_hal_spi.o(i.HAL_SPI_MspInit), (2 bytes).
    Removing stm32f4xx_hal_spi.o(i.HAL_SPI_Receive), (572 bytes).
    Removing stm32f4xx_hal_spi.o(i.HAL_SPI_Receive_DMA), (272 bytes).
    Removing stm32f4xx_hal_spi.o(i.HAL_SPI_Receive_IT), (228 bytes).
    Removing stm32f4xx_hal_spi.o(i.HAL_SPI_RxCpltCallback), (2 bytes).
    Removing stm32f4xx_hal_spi.o(i.HAL_SPI_RxHalfCpltCallback), (2 bytes).
    Removing stm32f4xx_hal_spi.o(i.HAL_SPI_Transmit), (532 bytes).
    Removing stm32f4xx_hal_spi.o(i.HAL_SPI_TransmitReceive_DMA), (420 bytes).
    Removing stm32f4xx_hal_spi.o(i.HAL_SPI_TransmitReceive_IT), (292 bytes).
    Removing stm32f4xx_hal_spi.o(i.HAL_SPI_Transmit_DMA), (316 bytes).
    Removing stm32f4xx_hal_spi.o(i.HAL_SPI_Transmit_IT), (292 bytes).
    Removing stm32f4xx_hal_spi.o(i.HAL_SPI_TxCpltCallback), (2 bytes).
    Removing stm32f4xx_hal_spi.o(i.HAL_SPI_TxHalfCpltCallback), (2 bytes).
    Removing stm32f4xx_hal_spi.o(i.HAL_SPI_TxRxCpltCallback), (2 bytes).
    Removing stm32f4xx_hal_spi.o(i.HAL_SPI_TxRxHalfCpltCallback), (2 bytes).
    Removing stm32f4xx_hal_spi.o(i.SPI_2LinesRxISR), (56 bytes).
    Removing stm32f4xx_hal_spi.o(i.SPI_DMAEndTransmitReceive), (162 bytes).
    Removing stm32f4xx_hal_spi.o(i.SPI_DMAError), (34 bytes).
    Removing stm32f4xx_hal_spi.o(i.SPI_DMAHalfReceiveCplt), (14 bytes).
    Removing stm32f4xx_hal_spi.o(i.SPI_DMAHalfTransmitCplt), (14 bytes).
    Removing stm32f4xx_hal_spi.o(i.SPI_DMAHalfTransmitReceiveCplt), (14 bytes).
    Removing stm32f4xx_hal_spi.o(i.SPI_DMAReceiveCplt), (214 bytes).
    Removing stm32f4xx_hal_spi.o(i.SPI_DMATransmitCplt), (124 bytes).
    Removing stm32f4xx_hal_spi.o(i.SPI_DMATransmitReceiveCplt), (56 bytes).
    Removing stm32f4xx_hal_spi.o(i.SPI_RxCloseIRQHandler), (238 bytes).
    Removing stm32f4xx_hal_spi.o(i.SPI_RxISR), (82 bytes).
    Removing stm32f4xx_hal_spi.o(i.SPI_TxCloseIRQHandler), (158 bytes).
    Removing stm32f4xx_hal_spi.o(i.SPI_TxISR), (74 bytes).
    Removing stm32f4xx_hal_pwr.o(.rev16_text), (4 bytes).
    Removing stm32f4xx_hal_pwr.o(.revsh_text), (4 bytes).
    Removing stm32f4xx_hal_pwr.o(.rrx_text), (6 bytes).
    Removing stm32f4xx_hal_pwr.o(i.HAL_PWR_ConfigPVD), (376 bytes).
    Removing stm32f4xx_hal_pwr.o(i.HAL_PWR_DeInit), (28 bytes).
    Removing stm32f4xx_hal_pwr.o(i.HAL_PWR_DisableBkUpAccess), (28 bytes).
    Removing stm32f4xx_hal_pwr.o(i.HAL_PWR_DisablePVD), (24 bytes).
    Removing stm32f4xx_hal_pwr.o(i.HAL_PWR_DisableSEVOnPend), (20 bytes).
    Removing stm32f4xx_hal_pwr.o(i.HAL_PWR_DisableSleepOnExit), (20 bytes).
    Removing stm32f4xx_hal_pwr.o(i.HAL_PWR_DisableWakeUpPin), (100 bytes).
    Removing stm32f4xx_hal_pwr.o(i.HAL_PWR_EnableBkUpAccess), (24 bytes).
    Removing stm32f4xx_hal_pwr.o(i.HAL_PWR_EnablePVD), (24 bytes).
    Removing stm32f4xx_hal_pwr.o(i.HAL_PWR_EnableSEVOnPend), (20 bytes).
    Removing stm32f4xx_hal_pwr.o(i.HAL_PWR_EnableSleepOnExit), (20 bytes).
    Removing stm32f4xx_hal_pwr.o(i.HAL_PWR_EnableWakeUpPin), (100 bytes).
    Removing stm32f4xx_hal_pwr.o(i.HAL_PWR_EnterSLEEPMode), (136 bytes).
    Removing stm32f4xx_hal_pwr.o(i.HAL_PWR_EnterSTANDBYMode), (40 bytes).
    Removing stm32f4xx_hal_pwr.o(i.HAL_PWR_EnterSTOPMode), (168 bytes).
    Removing stm32f4xx_hal_pwr.o(i.HAL_PWR_PVDCallback), (2 bytes).
    Removing stm32f4xx_hal_pwr.o(i.HAL_PWR_PVD_IRQHandler), (32 bytes).
    Removing stm32f4xx_hal_uart.o(.rev16_text), (4 bytes).
    Removing stm32f4xx_hal_uart.o(.revsh_text), (4 bytes).
    Removing stm32f4xx_hal_uart.o(.rrx_text), (6 bytes).
    Removing stm32f4xx_hal_uart.o(i.HAL_HalfDuplex_EnableReceiver), (68 bytes).
    Removing stm32f4xx_hal_uart.o(i.HAL_HalfDuplex_EnableTransmitter), (68 bytes).
    Removing stm32f4xx_hal_uart.o(i.HAL_HalfDuplex_Init), (272 bytes).
    Removing stm32f4xx_hal_uart.o(i.HAL_LIN_Init), (296 bytes).
    Removing stm32f4xx_hal_uart.o(i.HAL_LIN_SendBreak), (172 bytes).
    Removing stm32f4xx_hal_uart.o(i.HAL_MultiProcessor_EnterMuteMode), (172 bytes).
    Removing stm32f4xx_hal_uart.o(i.HAL_MultiProcessor_ExitMuteMode), (172 bytes).
    Removing stm32f4xx_hal_uart.o(i.HAL_MultiProcessor_Init), (344 bytes).
    Removing stm32f4xx_hal_uart.o(i.HAL_UART_DMAPause), (114 bytes).
    Removing stm32f4xx_hal_uart.o(i.HAL_UART_DMAResume), (152 bytes).
    Removing stm32f4xx_hal_uart.o(i.HAL_UART_DMAStop), (58 bytes).
    Removing stm32f4xx_hal_uart.o(i.HAL_UART_DeInit), (152 bytes).
    Removing stm32f4xx_hal_uart.o(i.HAL_UART_GetError), (6 bytes).
    Removing stm32f4xx_hal_uart.o(i.HAL_UART_GetState), (8 bytes).
    Removing stm32f4xx_hal_uart.o(i.HAL_UART_MspDeInit), (2 bytes).
    Removing stm32f4xx_hal_uart.o(i.HAL_UART_MspInit), (2 bytes).
    Removing stm32f4xx_hal_uart.o(i.HAL_UART_Receive), (248 bytes).
    Removing stm32f4xx_hal_uart.o(i.HAL_UART_Receive_DMA), (160 bytes).
    Removing stm32f4xx_hal_uart.o(i.HAL_UART_Receive_IT), (134 bytes).
    Removing stm32f4xx_hal_uart.o(i.HAL_UART_RxHalfCpltCallback), (2 bytes).
    Removing stm32f4xx_hal_uart.o(i.HAL_UART_Transmit_DMA), (168 bytes).
    Removing stm32f4xx_hal_uart.o(i.HAL_UART_Transmit_IT), (134 bytes).
    Removing stm32f4xx_hal_uart.o(i.HAL_UART_TxHalfCpltCallback), (2 bytes).
    Removing stm32f4xx_hal_uart.o(i.UART_DMAError), (34 bytes).
    Removing stm32f4xx_hal_uart.o(i.UART_DMAReceiveCplt), (62 bytes).
    Removing stm32f4xx_hal_uart.o(i.UART_DMARxHalfCplt), (14 bytes).
    Removing stm32f4xx_hal_uart.o(i.UART_DMATransmitCplt), (54 bytes).
    Removing stm32f4xx_hal_uart.o(i.UART_DMATxHalfCplt), (14 bytes).
    Removing stm32f4xx_hal_dma_ex.o(.rev16_text), (4 bytes).
    Removing stm32f4xx_hal_dma_ex.o(.revsh_text), (4 bytes).
    Removing stm32f4xx_hal_dma_ex.o(.rrx_text), (6 bytes).
    Removing stm32f4xx_hal_dma_ex.o(i.DMA_MultiBufferSetConfig), (32 bytes).
    Removing stm32f4xx_hal_dma_ex.o(i.HAL_DMAEx_ChangeMemory), (18 bytes).
    Removing stm32f4xx_hal_dma_ex.o(i.HAL_DMAEx_MultiBufferStart), (212 bytes).
    Removing stm32f4xx_hal_dma_ex.o(i.HAL_DMAEx_MultiBufferStart_IT), (272 bytes).
    Removing stm32f4xx_hal_flash_ex.o(.rev16_text), (4 bytes).
    Removing stm32f4xx_hal_flash_ex.o(.revsh_text), (4 bytes).
    Removing stm32f4xx_hal_flash_ex.o(.rrx_text), (6 bytes).
    Removing stm32f4xx_hal_flash_ex.o(i.FLASH_Erase_Sector), (240 bytes).
    Removing stm32f4xx_hal_flash_ex.o(i.FLASH_FlushCaches), (120 bytes).
    Removing stm32f4xx_hal_flash_ex.o(i.FLASH_MassErase), (160 bytes).
    Removing stm32f4xx_hal_flash_ex.o(i.FLASH_OB_BOR_LevelConfig), (124 bytes).
    Removing stm32f4xx_hal_flash_ex.o(i.FLASH_OB_DisablePCROP), (120 bytes).
    Removing stm32f4xx_hal_flash_ex.o(i.FLASH_OB_DisableWRP), (140 bytes).
    Removing stm32f4xx_hal_flash_ex.o(i.FLASH_OB_EnablePCROP), (124 bytes).
    Removing stm32f4xx_hal_flash_ex.o(i.FLASH_OB_EnableWRP), (140 bytes).
    Removing stm32f4xx_hal_flash_ex.o(i.FLASH_OB_GetBOR), (16 bytes).
    Removing stm32f4xx_hal_flash_ex.o(i.FLASH_OB_GetRDP), (36 bytes).
    Removing stm32f4xx_hal_flash_ex.o(i.FLASH_OB_GetUser), (16 bytes).
    Removing stm32f4xx_hal_flash_ex.o(i.FLASH_OB_GetWRP), (12 bytes).
    Removing stm32f4xx_hal_flash_ex.o(i.FLASH_OB_RDP_LevelConfig), (120 bytes).
    Removing stm32f4xx_hal_flash_ex.o(i.FLASH_OB_UserConfig), (176 bytes).
    Removing stm32f4xx_hal_flash_ex.o(i.HAL_FLASHEx_AdvOBGetConfig), (12 bytes).
    Removing stm32f4xx_hal_flash_ex.o(i.HAL_FLASHEx_AdvOBProgram), (148 bytes).
    Removing stm32f4xx_hal_flash_ex.o(i.HAL_FLASHEx_Erase), (284 bytes).
    Removing stm32f4xx_hal_flash_ex.o(i.HAL_FLASHEx_Erase_IT), (236 bytes).
    Removing stm32f4xx_hal_flash_ex.o(i.HAL_FLASHEx_OBGetConfig), (34 bytes).
    Removing stm32f4xx_hal_flash_ex.o(i.HAL_FLASHEx_OBProgram), (252 bytes).
    Removing stm32f4xx_hal_flash_ex.o(i.HAL_FLASHEx_OB_DeSelectPCROP), (24 bytes).
    Removing stm32f4xx_hal_flash_ex.o(i.HAL_FLASHEx_OB_SelectPCROP), (28 bytes).
    Removing stm32f4xx_hal_flash_ramfunc.o(.rev16_text), (4 bytes).
    Removing stm32f4xx_hal_flash_ramfunc.o(.revsh_text), (4 bytes).
    Removing stm32f4xx_hal_flash_ramfunc.o(.rrx_text), (6 bytes).
    Removing stm32f4xx_hal_pwr_ex.o(.rev16_text), (4 bytes).
    Removing stm32f4xx_hal_pwr_ex.o(.revsh_text), (4 bytes).
    Removing stm32f4xx_hal_pwr_ex.o(.rrx_text), (6 bytes).
    Removing stm32f4xx_hal_pwr_ex.o(i.HAL_PWREx_ControlVoltageScaling), (316 bytes).
    Removing stm32f4xx_hal_pwr_ex.o(i.HAL_PWREx_DisableBkUpReg), (76 bytes).
    Removing stm32f4xx_hal_pwr_ex.o(i.HAL_PWREx_DisableFlashPowerDown), (28 bytes).
    Removing stm32f4xx_hal_pwr_ex.o(i.HAL_PWREx_DisableLowRegulatorLowVoltage), (28 bytes).
    Removing stm32f4xx_hal_pwr_ex.o(i.HAL_PWREx_DisableMainRegulatorLowVoltage), (28 bytes).
    Removing stm32f4xx_hal_pwr_ex.o(i.HAL_PWREx_EnableBkUpReg), (76 bytes).
    Removing stm32f4xx_hal_pwr_ex.o(i.HAL_PWREx_EnableFlashPowerDown), (24 bytes).
    Removing stm32f4xx_hal_pwr_ex.o(i.HAL_PWREx_EnableLowRegulatorLowVoltage), (24 bytes).
    Removing stm32f4xx_hal_pwr_ex.o(i.HAL_PWREx_EnableMainRegulatorLowVoltage), (24 bytes).
    Removing stm32f4xx_hal_pwr_ex.o(i.HAL_PWREx_GetVoltageRange), (16 bytes).
    Removing stm32f4xx_hal_rcc_ex.o(.rev16_text), (4 bytes).
    Removing stm32f4xx_hal_rcc_ex.o(.revsh_text), (4 bytes).
    Removing stm32f4xx_hal_rcc_ex.o(.rrx_text), (6 bytes).
    Removing stm32f4xx_hal_rcc_ex.o(i.HAL_RCCEx_GetPeriphCLKConfig), (80 bytes).
    Removing stm32f4xx_hal_rcc_ex.o(i.HAL_RCCEx_PeriphCLKConfig), (560 bytes).
    Removing stm32f4xx_hal_rcc_ex.o(i.HAL_RCC_DeInit), (112 bytes).
    Removing stm32f4xx_hal_flash.o(.rev16_text), (4 bytes).
    Removing stm32f4xx_hal_flash.o(.revsh_text), (4 bytes).
    Removing stm32f4xx_hal_flash.o(.rrx_text), (6 bytes).
    Removing stm32f4xx_hal_flash.o(i.FLASH_Program_Byte), (136 bytes).
    Removing stm32f4xx_hal_flash.o(i.FLASH_Program_DoubleWord), (144 bytes).
    Removing stm32f4xx_hal_flash.o(i.FLASH_Program_HalfWord), (140 bytes).
    Removing stm32f4xx_hal_flash.o(i.FLASH_Program_Word), (140 bytes).
    Removing stm32f4xx_hal_flash.o(i.FLASH_SetErrorCode), (180 bytes).
    Removing stm32f4xx_hal_flash.o(i.FLASH_WaitForLastOperation), (100 bytes).
    Removing stm32f4xx_hal_flash.o(i.HAL_FLASH_EndOfOperationCallback), (2 bytes).
    Removing stm32f4xx_hal_flash.o(i.HAL_FLASH_GetError), (12 bytes).
    Removing stm32f4xx_hal_flash.o(i.HAL_FLASH_IRQHandler), (272 bytes).
    Removing stm32f4xx_hal_flash.o(i.HAL_FLASH_Lock), (20 bytes).
    Removing stm32f4xx_hal_flash.o(i.HAL_FLASH_OB_Launch), (28 bytes).
    Removing stm32f4xx_hal_flash.o(i.HAL_FLASH_OB_Lock), (20 bytes).
    Removing stm32f4xx_hal_flash.o(i.HAL_FLASH_OB_Unlock), (44 bytes).
    Removing stm32f4xx_hal_flash.o(i.HAL_FLASH_OperationErrorCallback), (2 bytes).
    Removing stm32f4xx_hal_flash.o(i.HAL_FLASH_Program), (240 bytes).
    Removing stm32f4xx_hal_flash.o(i.HAL_FLASH_Program_IT), (224 bytes).
    Removing stm32f4xx_hal_flash.o(i.HAL_FLASH_Unlock), (44 bytes).
    Removing stm32f4xx_hal_flash.o(.bss), (32 bytes).
    Removing stm32f4xx_nucleo.o(.rev16_text), (4 bytes).
    Removing stm32f4xx_nucleo.o(.revsh_text), (4 bytes).
    Removing stm32f4xx_nucleo.o(.rrx_text), (6 bytes).
    Removing stm32f4xx_nucleo.o(i.ADCx_Init), (68 bytes).
    Removing stm32f4xx_nucleo.o(i.ADCx_MspInit), (100 bytes).
    Removing stm32f4xx_nucleo.o(i.BSP_GetVersion), (8 bytes).
    Removing stm32f4xx_nucleo.o(i.BSP_JOY_GetState), (140 bytes).
    Removing stm32f4xx_nucleo.o(i.BSP_JOY_Init), (44 bytes).
    Removing stm32f4xx_nucleo.o(i.BSP_LED_Toggle), (32 bytes).
    Removing stm32f4xx_nucleo.o(i.BSP_PB_GetState), (32 bytes).
    Removing stm32f4xx_nucleo.o(i.LCD_Delay), (12 bytes).
    Removing stm32f4xx_nucleo.o(i.LCD_IO_Init), (128 bytes).
    Removing stm32f4xx_nucleo.o(i.LCD_IO_WriteData), (52 bytes).
    Removing stm32f4xx_nucleo.o(i.LCD_IO_WriteMultipleData), (144 bytes).
    Removing stm32f4xx_nucleo.o(i.LCD_IO_WriteReg), (52 bytes).
    Removing stm32f4xx_nucleo.o(i.SD_IO_Init), (100 bytes).
    Removing stm32f4xx_nucleo.o(i.SD_IO_ReadByte), (14 bytes).
    Removing stm32f4xx_nucleo.o(i.SD_IO_WaitResponse), (34 bytes).
    Removing stm32f4xx_nucleo.o(i.SD_IO_WriteByte), (12 bytes).
    Removing stm32f4xx_nucleo.o(i.SD_IO_WriteCmd), (100 bytes).
    Removing stm32f4xx_nucleo.o(i.SD_IO_WriteDummy), (24 bytes).
    Removing stm32f4xx_nucleo.o(i.SPIx_Error), (20 bytes).
    Removing stm32f4xx_nucleo.o(i.SPIx_Init), (88 bytes).
    Removing stm32f4xx_nucleo.o(i.SPIx_MspInit), (164 bytes).
    Removing stm32f4xx_nucleo.o(i.SPIx_Read), (52 bytes).
    Removing stm32f4xx_nucleo.o(i.SPIx_Write), (36 bytes).
    Removing stm32f4xx_nucleo.o(.bss), (172 bytes).
    Removing xnucleoihm02a1.o(.rev16_text), (4 bytes).
    Removing xnucleoihm02a1.o(.revsh_text), (4 bytes).
    Removing xnucleoihm02a1.o(.rrx_text), (6 bytes).
    Removing xnucleoihm02a1.o(i.BSP_L6470_FlagEventManager), (4 bytes).
    Removing xnucleoihm02a1.o(i.BSP_L6470_PerformPreparedApplicationCommand), (22 bytes).
    Removing xnucleoihm02a1_interface.o(.rev16_text), (4 bytes).
    Removing xnucleoihm02a1_interface.o(.revsh_text), (4 bytes).
    Removing xnucleoihm02a1_interface.o(.rrx_text), (6 bytes).
    Removing xnucleoihm02a1_interface.o(i.MX_SPI2_Init), (148 bytes).
    Removing stm32f4xx_hal_msp.o(.rev16_text), (4 bytes).
    Removing stm32f4xx_hal_msp.o(.revsh_text), (4 bytes).
    Removing stm32f4xx_hal_msp.o(.rrx_text), (6 bytes).
    Removing stm32f4xx_hal_msp.o(i.HAL_ADC_MspDeInit), (48 bytes).
    Removing stm32f4xx_hal_msp.o(i.HAL_SPI_MspDeInit), (100 bytes).
    Removing stm32f4xx_hal_msp.o(i.HAL_UART_MspDeInit), (52 bytes).
    Removing stm32f4xx_it.o(.rev16_text), (4 bytes).
    Removing stm32f4xx_it.o(.revsh_text), (4 bytes).
    Removing stm32f4xx_it.o(.rrx_text), (6 bytes).
    Removing example_usart.o(.rev16_text), (4 bytes).
    Removing example_usart.o(.revsh_text), (4 bytes).
    Removing example_usart.o(.rrx_text), (6 bytes).
    Removing example_usart.o(i.CompareTwoTextString), (36 bytes).
    Removing example_usart.o(i.Fill_L6470_DaisyChainMnemonic), (244 bytes).
    Removing example_usart.o(i.USART_CheckAppCmd), (64 bytes).
    Removing example_usart.o(i.USART_CheckTextCommandBundle), (2124 bytes).
    Removing example_usart.o(i.USART_DecodeTextString), (508 bytes).
    Removing example_usart.o(i.USART_SplitTextString), (508 bytes).
    Removing example_usart.o(i.num2str), (96 bytes).
    Removing example_usart.o(i.str2num), (78 bytes).
    Removing example_usart.o(.conststring), (146 bytes).
    Removing example_usart.o(.data), (8 bytes).
    Removing example.o(.rev16_text), (4 bytes).
    Removing example.o(.revsh_text), (4 bytes).
    Removing example.o(.rrx_text), (6 bytes).
    Removing example.o(i.MicrosteppingMotor_Example_01), (764 bytes).
    Removing example.o(i.pow), (22 bytes).
    Removing main.o(.rev16_text), (4 bytes).
    Removing main.o(.revsh_text), (4 bytes).
    Removing main.o(.rrx_text), (6 bytes).
    Removing main.o(i.Error_Handler), (10 bytes).
    Removing main.o(i.Read_ADC), (32 bytes).
    Removing motors.o(i.spinMotorX), (2 bytes).
    Removing motors.o(i.spinMotorY), (2 bytes).
    Removing system_stm32f4xx.o(.rev16_text), (4 bytes).
    Removing system_stm32f4xx.o(.revsh_text), (4 bytes).
    Removing system_stm32f4xx.o(.rrx_text), (6 bytes).
    Removing system_stm32f4xx.o(i.SystemCoreClockUpdate), (192 bytes).
    Removing system_stm32f4xx.o(.constdata), (16 bytes).
    Removing startup_stm32f401xe.o(HEAP), (512 bytes).
    Removing dadd.o(.text), (334 bytes).
    Removing dmul.o(.text), (228 bytes).
    Removing dfltui.o(.text), (26 bytes).
    Removing d2f.o(.text), (56 bytes).
    Removing fepilogue.o(.text), (110 bytes).
    Removing depilogue.o(.text), (186 bytes).

376 unused section(s) (total 35698 bytes) removed from the image.
